Archive member included to satisfy reference by file (symbol)

.build/obj_gmmk_pro_iso_iso-mac/spi_master.a(spi_master.o)
                              .build/obj_gmmk_pro_iso_iso-mac/quantum/rgb_matrix/rgb_matrix_drivers.o (spi_init)
/usr/local/Cellar/arm-gcc-bin@10/10.3-2021.07_1/bin/../lib/gcc/arm-none-eabi/10.3.1/thumb/v7e-m+fp/hard/libgcc.a(_aeabi_ldivmod.o)
                              .build/obj_gmmk_pro_iso_iso-mac/platforms/chibios/timer.o (__aeabi_ldivmod)
/usr/local/Cellar/arm-gcc-bin@10/10.3-2021.07_1/bin/../lib/gcc/arm-none-eabi/10.3.1/thumb/v7e-m+fp/hard/libgcc.a(_aeabi_uldivmod.o)
                              .build/obj_gmmk_pro_iso_iso-mac/platforms/chibios/timer.o (__aeabi_uldivmod)
/usr/local/Cellar/arm-gcc-bin@10/10.3-2021.07_1/bin/../lib/gcc/arm-none-eabi/10.3.1/thumb/v7e-m+fp/hard/libgcc.a(_udivmoddi4.o)
                              /usr/local/Cellar/arm-gcc-bin@10/10.3-2021.07_1/bin/../lib/gcc/arm-none-eabi/10.3.1/thumb/v7e-m+fp/hard/libgcc.a(_aeabi_ldivmod.o) (__udivmoddi4)
/usr/local/Cellar/arm-gcc-bin@10/10.3-2021.07_1/bin/../lib/gcc/arm-none-eabi/10.3.1/thumb/v7e-m+fp/hard/libgcc.a(_dvmd_tls.o)
                              /usr/local/Cellar/arm-gcc-bin@10/10.3-2021.07_1/bin/../lib/gcc/arm-none-eabi/10.3.1/thumb/v7e-m+fp/hard/libgcc.a(_aeabi_ldivmod.o) (__aeabi_ldiv0)
/usr/local/Cellar/arm-gcc-bin@10/10.3-2021.07_1/bin/../lib/gcc/arm-none-eabi/10.3.1/../../../../arm-none-eabi/lib/thumb/v7e-m+fp/hard/libg_nano.a(lib_a-abort.o)
                              .build/obj_gmmk_pro_iso/lib/chibios/os/various/syscalls.o (abort)
/usr/local/Cellar/arm-gcc-bin@10/10.3-2021.07_1/bin/../lib/gcc/arm-none-eabi/10.3.1/../../../../arm-none-eabi/lib/thumb/v7e-m+fp/hard/libg_nano.a(lib_a-ctype_.o)
                              .build/obj_gmmk_pro_iso_iso-mac/quantum/send_string.o (_ctype_)
/usr/local/Cellar/arm-gcc-bin@10/10.3-2021.07_1/bin/../lib/gcc/arm-none-eabi/10.3.1/../../../../arm-none-eabi/lib/thumb/v7e-m+fp/hard/libg_nano.a(lib_a-errno.o)
                              .build/obj_gmmk_pro_iso/platforms/chibios/syscall-fallbacks.o (__errno)
/usr/local/Cellar/arm-gcc-bin@10/10.3-2021.07_1/bin/../lib/gcc/arm-none-eabi/10.3.1/../../../../arm-none-eabi/lib/thumb/v7e-m+fp/hard/libg_nano.a(lib_a-impure.o)
                              /usr/local/Cellar/arm-gcc-bin@10/10.3-2021.07_1/bin/../lib/gcc/arm-none-eabi/10.3.1/../../../../arm-none-eabi/lib/thumb/v7e-m+fp/hard/libg_nano.a(lib_a-errno.o) (_impure_ptr)
/usr/local/Cellar/arm-gcc-bin@10/10.3-2021.07_1/bin/../lib/gcc/arm-none-eabi/10.3.1/../../../../arm-none-eabi/lib/thumb/v7e-m+fp/hard/libg_nano.a(lib_a-memcmp.o)
                              .build/obj_gmmk_pro_iso_iso-mac/quantum/action_util.o (memcmp)
/usr/local/Cellar/arm-gcc-bin@10/10.3-2021.07_1/bin/../lib/gcc/arm-none-eabi/10.3.1/../../../../arm-none-eabi/lib/thumb/v7e-m+fp/hard/libg_nano.a(lib_a-memcpy-stub.o)
                              .build/obj_gmmk_pro_iso_iso-mac/quantum/action.o (memcpy)
/usr/local/Cellar/arm-gcc-bin@10/10.3-2021.07_1/bin/../lib/gcc/arm-none-eabi/10.3.1/../../../../arm-none-eabi/lib/thumb/v7e-m+fp/hard/libg_nano.a(lib_a-memset.o)
                              .build/obj_gmmk_pro_iso_iso-mac/quantum/action_tapping.o (memset)
/usr/local/Cellar/arm-gcc-bin@10/10.3-2021.07_1/bin/../lib/gcc/arm-none-eabi/10.3.1/../../../../arm-none-eabi/lib/thumb/v7e-m+fp/hard/libg_nano.a(lib_a-rand.o)
                              .build/obj_gmmk_pro_iso_iso-mac/quantum/send_string.o (rand)
/usr/local/Cellar/arm-gcc-bin@10/10.3-2021.07_1/bin/../lib/gcc/arm-none-eabi/10.3.1/../../../../arm-none-eabi/lib/thumb/v7e-m+fp/hard/libg_nano.a(lib_a-signal.o)
                              /usr/local/Cellar/arm-gcc-bin@10/10.3-2021.07_1/bin/../lib/gcc/arm-none-eabi/10.3.1/../../../../arm-none-eabi/lib/thumb/v7e-m+fp/hard/libg_nano.a(lib_a-abort.o) (raise)
/usr/local/Cellar/arm-gcc-bin@10/10.3-2021.07_1/bin/../lib/gcc/arm-none-eabi/10.3.1/../../../../arm-none-eabi/lib/thumb/v7e-m+fp/hard/libg_nano.a(lib_a-signalr.o)
                              /usr/local/Cellar/arm-gcc-bin@10/10.3-2021.07_1/bin/../lib/gcc/arm-none-eabi/10.3.1/../../../../arm-none-eabi/lib/thumb/v7e-m+fp/hard/libg_nano.a(lib_a-signal.o) (_kill_r)
/usr/local/Cellar/arm-gcc-bin@10/10.3-2021.07_1/bin/../lib/gcc/arm-none-eabi/10.3.1/../../../../arm-none-eabi/lib/thumb/v7e-m+fp/hard/libg_nano.a(lib_a-assert.o)
                              /usr/local/Cellar/arm-gcc-bin@10/10.3-2021.07_1/bin/../lib/gcc/arm-none-eabi/10.3.1/../../../../arm-none-eabi/lib/thumb/v7e-m+fp/hard/libg_nano.a(lib_a-rand.o) (__assert_func)
/usr/local/Cellar/arm-gcc-bin@10/10.3-2021.07_1/bin/../lib/gcc/arm-none-eabi/10.3.1/../../../../arm-none-eabi/lib/thumb/v7e-m+fp/hard/libg_nano.a(lib_a-fprintf.o)
                              /usr/local/Cellar/arm-gcc-bin@10/10.3-2021.07_1/bin/../lib/gcc/arm-none-eabi/10.3.1/../../../../arm-none-eabi/lib/thumb/v7e-m+fp/hard/libg_nano.a(lib_a-assert.o) (fiprintf)
[...]
Memory Configuration

Name             Origin             Length             Attributes
flash0           0x0000000008000000 0x0000000000040000 xr
flash1           0x0000000000000000 0x0000000000000000 xr
flash2           0x0000000000000000 0x0000000000000000 xr
flash3           0x0000000000000000 0x0000000000000000 xr
flash4           0x0000000000000000 0x0000000000000000 xr
flash5           0x0000000000000000 0x0000000000000000 xr
flash6           0x0000000000000000 0x0000000000000000 xr
flash7           0x0000000000000000 0x0000000000000000 xr
ram0             0x0000000020000000 0x000000000000a000 xw
ram1             0x0000000000000000 0x0000000000000000 xw
ram2             0x0000000000000000 0x0000000000000000 xw
ram3             0x0000000000000000 0x0000000000000000 xw
ram4             0x0000000010000000 0x0000000000002000 xw
ram5             0x0000000000000000 0x0000000000000000 xw
ram6             0x0000000000000000 0x0000000000000000 xw
ram7             0x0000000000000000 0x0000000000000000 xw
*default*        0x0000000000000000 0xffffffffffffffff

Linker script and memory map

LOAD .build/obj_gmmk_pro_iso_iso-mac/keyboards/gmmk/pro/pro.o
LOAD .build/obj_gmmk_pro_iso_iso-mac/keyboards/gmmk/pro/iso/iso.o
LOAD .build/obj_gmmk_pro_iso_iso-mac/keyboards/gmmk/pro/iso/keymaps/iso-mac/keymap.o
LOAD .build/obj_gmmk_pro_iso_iso-mac/quantum/quantum.o
LOAD .build/obj_gmmk_pro_iso_iso-mac/quantum/send_string.o
LOAD .build/obj_gmmk_pro_iso_iso-mac/quantum/bitwise.o
LOAD .build/obj_gmmk_pro_iso_iso-mac/quantum/led.o
LOAD .build/obj_gmmk_pro_iso_iso-mac/quantum/action.o
LOAD .build/obj_gmmk_pro_iso_iso-mac/quantum/action_layer.o
LOAD .build/obj_gmmk_pro_iso_iso-mac/quantum/action_tapping.o
LOAD .build/obj_gmmk_pro_iso_iso-mac/quantum/action_util.o
LOAD .build/obj_gmmk_pro_iso_iso-mac/quantum/eeconfig.o
LOAD .build/obj_gmmk_pro_iso_iso-mac/quantum/keyboard.o
LOAD .build/obj_gmmk_pro_iso_iso-mac/quantum/keymap_common.o
LOAD .build/obj_gmmk_pro_iso_iso-mac/quantum/keycode_config.o
LOAD .build/obj_gmmk_pro_iso_iso-mac/quantum/sync_timer.o
LOAD .build/obj_gmmk_pro_iso_iso-mac/quantum/logging/debug.o
LOAD .build/obj_gmmk_pro_iso_iso-mac/quantum/logging/sendchar.o
LOAD .build/obj_gmmk_pro_iso_iso-mac/quantum/logging/print.o
LOAD .build/obj_gmmk_pro_iso_iso-mac/quantum/bootmagic/bootmagic_lite.o
LOAD .build/obj_gmmk_pro_iso_iso-mac/quantum/bootmagic/magic.o
LOAD .build/obj_gmmk_pro_iso_iso-mac/quantum/matrix_common.o
LOAD .build/obj_gmmk_pro_iso_iso-mac/quantum/matrix.o
LOAD .build/obj_gmmk_pro_iso_iso-mac/quantum/debounce/sym_defer_g.o
LOAD .build/obj_gmmk_pro_iso_iso-mac/quantum/main.o
LOAD .build/obj_gmmk_pro_iso_iso-mac/lib/printf/printf.o
LOAD .build/obj_gmmk_pro_iso_iso-mac/quantum/mousekey.o
LOAD .build/obj_gmmk_pro_iso_iso-mac/eeprom_driver.o
LOAD .build/obj_gmmk_pro_iso_iso-mac/platforms/chibios/eeprom_stm32.o
LOAD .build/obj_gmmk_pro_iso_iso-mac/platforms/chibios/flash_stm32.o
LOAD .build/obj_gmmk_pro_iso_iso-mac/quantum/color.o
LOAD .build/obj_gmmk_pro_iso_iso-mac/quantum/rgb_matrix/rgb_matrix.o
LOAD .build/obj_gmmk_pro_iso_iso-mac/quantum/rgb_matrix/rgb_matrix_drivers.o
LOAD .build/obj_gmmk_pro_iso_iso-mac/lib/lib8tion/lib8tion.o
LOAD .build/obj_gmmk_pro_iso_iso-mac/aw20216.o
LOAD .build/obj_gmmk_pro_iso_iso-mac/quantum/process_keycode/process_rgb.o
LOAD .build/obj_gmmk_pro_iso_iso-mac/quantum/led_tables.o
LOAD .build/obj_gmmk_pro_iso_iso-mac/quantum/process_keycode/process_magic.o
LOAD .build/obj_gmmk_pro_iso_iso-mac/quantum/encoder.o
LOAD .build/obj_gmmk_pro_iso_iso-mac/quantum/process_keycode/process_grave_esc.o
LOAD .build/obj_gmmk_pro_iso_iso-mac/quantum/process_keycode/process_space_cadet.o
LOAD .build/obj_gmmk_pro_iso_iso-mac/spi_master.a
LOAD .build/obj_gmmk_pro_iso_iso-mac/./lib/chibios/os/common/startup/ARMCMx/compilers/GCC/crt0_v7m.o
LOAD .build/obj_gmmk_pro_iso_iso-mac/./lib/chibios/os/common/startup/ARMCMx/compilers/GCC/vectors.o
LOAD .build/obj_gmmk_pro_iso_iso-mac/./lib/chibios/os/common/ports/ARMCMx/compilers/GCC/chcoreasm_v7m.o
LOAD .build/obj_gmmk_pro_iso_iso-mac/protocol/host.o
LOAD .build/obj_gmmk_pro_iso_iso-mac/protocol/report.o
LOAD .build/obj_gmmk_pro_iso_iso-mac/protocol/usb_device_state.o
LOAD .build/obj_gmmk_pro_iso_iso-mac/protocol/usb_util.o
LOAD .build/obj_gmmk_pro_iso_iso-mac/platforms/suspend.o
LOAD .build/obj_gmmk_pro_iso_iso-mac/platforms/chibios/platform.o
LOAD .build/obj_gmmk_pro_iso_iso-mac/platforms/chibios/suspend.o
LOAD .build/obj_gmmk_pro_iso_iso-mac/platforms/chibios/timer.o
LOAD .build/obj_gmmk_pro_iso_iso-mac/platforms/chibios/bootloaders/stm32_dfu.o
LOAD .build/obj_gmmk_pro_iso_iso-mac/protocol/chibios/usb_main.o
LOAD .build/obj_gmmk_pro_iso_iso-mac/protocol/chibios/chibios.o
LOAD .build/obj_gmmk_pro_iso_iso-mac/usb_descriptor.o
LOAD .build/obj_gmmk_pro_iso_iso-mac/protocol/chibios/usb_driver.o
LOAD .build/obj_gmmk_pro_iso_iso-mac/protocol/chibios/usb_util.o
LOAD .build/obj_gmmk_pro_iso_iso-mac/./lib/chibios/os/oslib/src/chmboxes.o
LOAD .build/obj_gmmk_pro_iso_iso-mac/./lib/chibios/os/oslib/src/chmemcore.o
LOAD .build/obj_gmmk_pro_iso_iso-mac/./lib/chibios/os/oslib/src/chmemheaps.o
LOAD .build/obj_gmmk_pro_iso_iso-mac/./lib/chibios/os/oslib/src/chmempools.o
LOAD .build/obj_gmmk_pro_iso_iso-mac/./lib/chibios/os/oslib/src/chpipes.o
LOAD .build/obj_gmmk_pro_iso_iso-mac/./lib/chibios/os/oslib/src/chobjcaches.o
LOAD .build/obj_gmmk_pro_iso_iso-mac/./lib/chibios/os/oslib/src/chdelegates.o
LOAD .build/obj_gmmk_pro_iso_iso-mac/./lib/chibios/os/oslib/src/chfactory.o
LOAD .build/obj_gmmk_pro_iso/lib/chibios/os/common/startup/ARMCMx/compilers/GCC/crt1.o
LOAD .build/obj_gmmk_pro_iso/lib/chibios/os/rt/src/chsys.o
LOAD .build/obj_gmmk_pro_iso/lib/chibios/os/rt/src/chdebug.o
LOAD .build/obj_gmmk_pro_iso/lib/chibios/os/rt/src/chtrace.o
LOAD .build/obj_gmmk_pro_iso/lib/chibios/os/rt/src/chvt.o
LOAD .build/obj_gmmk_pro_iso/lib/chibios/os/rt/src/chschd.o
LOAD .build/obj_gmmk_pro_iso/lib/chibios/os/rt/src/chthreads.o
LOAD .build/obj_gmmk_pro_iso/lib/chibios/os/rt/src/chtm.o
LOAD .build/obj_gmmk_pro_iso/lib/chibios/os/rt/src/chstats.o
LOAD .build/obj_gmmk_pro_iso/lib/chibios/os/rt/src/chregistry.o
LOAD .build/obj_gmmk_pro_iso/lib/chibios/os/rt/src/chsem.o
LOAD .build/obj_gmmk_pro_iso/lib/chibios/os/rt/src/chmtx.o
LOAD .build/obj_gmmk_pro_iso/lib/chibios/os/rt/src/chcond.o
LOAD .build/obj_gmmk_pro_iso/lib/chibios/os/rt/src/chevents.o
LOAD .build/obj_gmmk_pro_iso/lib/chibios/os/rt/src/chmsg.o
LOAD .build/obj_gmmk_pro_iso/lib/chibios/os/rt/src/chdynamic.o
LOAD .build/obj_gmmk_pro_iso/lib/chibios/os/common/ports/ARMCMx/chcore.o
LOAD .build/obj_gmmk_pro_iso/lib/chibios/os/common/ports/ARMCMx/chcore_v7m.o
LOAD .build/obj_gmmk_pro_iso/lib/chibios/os/hal/osal/rt-nil/osal.o
LOAD .build/obj_gmmk_pro_iso/lib/chibios/os/hal/src/hal.o
LOAD .build/obj_gmmk_pro_iso/lib/chibios/os/hal/src/hal_st.o
LOAD .build/obj_gmmk_pro_iso/lib/chibios/os/hal/src/hal_buffers.o
LOAD .build/obj_gmmk_pro_iso/lib/chibios/os/hal/src/hal_queues.o
LOAD .build/obj_gmmk_pro_iso/lib/chibios/os/hal/src/hal_flash.o
LOAD .build/obj_gmmk_pro_iso/lib/chibios/os/hal/src/hal_mmcsd.o
LOAD .build/obj_gmmk_pro_iso/lib/chibios/os/hal/src/hal_adc.o
LOAD .build/obj_gmmk_pro_iso/lib/chibios/os/hal/src/hal_can.o
LOAD .build/obj_gmmk_pro_iso/lib/chibios/os/hal/src/hal_crypto.o
LOAD .build/obj_gmmk_pro_iso/lib/chibios/os/hal/src/hal_dac.o
LOAD .build/obj_gmmk_pro_iso/lib/chibios/os/hal/src/hal_efl.o
LOAD .build/obj_gmmk_pro_iso/lib/chibios/os/hal/src/hal_gpt.o
LOAD .build/obj_gmmk_pro_iso/lib/chibios/os/hal/src/hal_i2c.o
LOAD .build/obj_gmmk_pro_iso/lib/chibios/os/hal/src/hal_i2s.o
LOAD .build/obj_gmmk_pro_iso/lib/chibios/os/hal/src/hal_icu.o
LOAD .build/obj_gmmk_pro_iso/lib/chibios/os/hal/src/hal_mac.o
LOAD .build/obj_gmmk_pro_iso/lib/chibios/os/hal/src/hal_mmc_spi.o
LOAD .build/obj_gmmk_pro_iso/lib/chibios/os/hal/src/hal_pal.o
LOAD .build/obj_gmmk_pro_iso/lib/chibios/os/hal/src/hal_pwm.o
LOAD .build/obj_gmmk_pro_iso/lib/chibios/os/hal/src/hal_rtc.o
LOAD .build/obj_gmmk_pro_iso/lib/chibios/os/hal/src/hal_sdc.o
LOAD .build/obj_gmmk_pro_iso/lib/chibios/os/hal/src/hal_serial.o
LOAD .build/obj_gmmk_pro_iso/lib/chibios/os/hal/src/hal_serial_usb.o
LOAD .build/obj_gmmk_pro_iso/lib/chibios/os/hal/src/hal_sio.o
LOAD .build/obj_gmmk_pro_iso/lib/chibios/os/hal/src/hal_spi.o
LOAD .build/obj_gmmk_pro_iso/lib/chibios/os/hal/src/hal_trng.o
LOAD .build/obj_gmmk_pro_iso/lib/chibios/os/hal/src/hal_uart.o
LOAD .build/obj_gmmk_pro_iso/lib/chibios/os/hal/src/hal_usb.o
LOAD .build/obj_gmmk_pro_iso/lib/chibios/os/hal/src/hal_wdg.o
LOAD .build/obj_gmmk_pro_iso/lib/chibios/os/hal/src/hal_wspi.o
LOAD .build/obj_gmmk_pro_iso/lib/chibios/os/hal/ports/common/ARMCMx/nvic.o
LOAD .build/obj_gmmk_pro_iso/lib/chibios/os/hal/ports/STM32/STM32F3xx/stm32_isr.o
LOAD .build/obj_gmmk_pro_iso/lib/chibios/os/hal/ports/STM32/STM32F3xx/hal_lld.o
LOAD .build/obj_gmmk_pro_iso/lib/chibios/os/hal/ports/STM32/LLD/ADCv3/hal_adc_lld.o
LOAD .build/obj_gmmk_pro_iso/lib/chibios/os/hal/ports/STM32/LLD/CANv1/hal_can_lld.o
LOAD .build/obj_gmmk_pro_iso/lib/chibios/os/hal/ports/STM32/LLD/DACv1/hal_dac_lld.o
LOAD .build/obj_gmmk_pro_iso/lib/chibios/os/hal/ports/STM32/LLD/DMAv1/stm32_dma.o
LOAD .build/obj_gmmk_pro_iso/lib/chibios/os/hal/ports/STM32/LLD/EXTIv1/stm32_exti.o
LOAD .build/obj_gmmk_pro_iso/lib/chibios/os/hal/ports/STM32/LLD/GPIOv2/hal_pal_lld.o
LOAD .build/obj_gmmk_pro_iso/lib/chibios/os/hal/ports/STM32/LLD/I2Cv2/hal_i2c_lld.o
LOAD .build/obj_gmmk_pro_iso/lib/chibios/os/hal/ports/STM32/LLD/RTCv2/hal_rtc_lld.o
LOAD .build/obj_gmmk_pro_iso/lib/chibios/os/hal/ports/STM32/LLD/SPIv2/hal_i2s_lld.o
LOAD .build/obj_gmmk_pro_iso/lib/chibios/os/hal/ports/STM32/LLD/SPIv2/hal_spi_lld.o
LOAD .build/obj_gmmk_pro_iso/lib/chibios/os/hal/ports/STM32/LLD/TIMv1/hal_st_lld.o
LOAD .build/obj_gmmk_pro_iso/lib/chibios/os/hal/ports/STM32/LLD/TIMv1/hal_gpt_lld.o
LOAD .build/obj_gmmk_pro_iso/lib/chibios/os/hal/ports/STM32/LLD/TIMv1/hal_icu_lld.o
LOAD .build/obj_gmmk_pro_iso/lib/chibios/os/hal/ports/STM32/LLD/TIMv1/hal_pwm_lld.o
LOAD .build/obj_gmmk_pro_iso/lib/chibios/os/hal/ports/STM32/LLD/USARTv2/hal_serial_lld.o
LOAD .build/obj_gmmk_pro_iso/lib/chibios/os/hal/ports/STM32/LLD/USARTv2/hal_uart_lld.o
LOAD .build/obj_gmmk_pro_iso/lib/chibios/os/hal/ports/STM32/LLD/USBv1/hal_usb_lld.o
LOAD .build/obj_gmmk_pro_iso/lib/chibios/os/hal/ports/STM32/LLD/xWDGv1/hal_wdg_lld.o
LOAD .build/obj_gmmk_pro_iso/lib/chibios/os/hal/boards/ST_STM32F3_DISCOVERY/board.o
LOAD .build/obj_gmmk_pro_iso/lib/chibios/os/hal/lib/streams/chprintf.o
LOAD .build/obj_gmmk_pro_iso/lib/chibios/os/hal/lib/streams/memstreams.o
LOAD .build/obj_gmmk_pro_iso/lib/chibios/os/hal/lib/streams/nullstreams.o
LOAD .build/obj_gmmk_pro_iso/lib/chibios/os/various/syscalls.o
LOAD .build/obj_gmmk_pro_iso/platforms/chibios/syscall-fallbacks.o
LOAD .build/obj_gmmk_pro_iso/platforms/chibios/wait.o
                0x0000000000000800                __process_stack_size__ = 0x800
                0x0000000000000400                __main_stack_size__ = 0x400
LOAD /usr/local/Cellar/arm-gcc-bin@10/10.3-2021.07_1/bin/../lib/gcc/arm-none-eabi/10.3.1/../../../../arm-none-eabi/lib/thumb/v7e-m+fp/hard/libm.a
START GROUP
LOAD /usr/local/Cellar/arm-gcc-bin@10/10.3-2021.07_1/bin/../lib/gcc/arm-none-eabi/10.3.1/thumb/v7e-m+fp/hard/libgcc.a
LOAD /usr/local/Cellar/arm-gcc-bin@10/10.3-2021.07_1/bin/../lib/gcc/arm-none-eabi/10.3.1/../../../../arm-none-eabi/lib/thumb/v7e-m+fp/hard/libg_nano.a
LOAD /usr/local/Cellar/arm-gcc-bin@10/10.3-2021.07_1/bin/../lib/gcc/arm-none-eabi/10.3.1/../../../../arm-none-eabi/lib/thumb/v7e-m+fp/hard/libc_nano.a
END GROUP
START GROUP
LOAD /usr/local/Cellar/arm-gcc-bin@10/10.3-2021.07_1/bin/../lib/gcc/arm-none-eabi/10.3.1/thumb/v7e-m+fp/hard/libgcc.a
LOAD /usr/local/Cellar/arm-gcc-bin@10/10.3-2021.07_1/bin/../lib/gcc/arm-none-eabi/10.3.1/../../../../arm-none-eabi/lib/thumb/v7e-m+fp/hard/libc_nano.a
END GROUP

.mstack         0x0000000020000000      0x400
                0x0000000020000000                . = ALIGN (0x8)
                0x0000000020000000                __main_stack_base__ = .
                0x0000000020000400                . = (. + __main_stack_size__)
 *fill*         0x0000000020000000      0x400 
                0x0000000020000400                . = ALIGN (0x8)
                0x0000000020000400                __main_stack_end__ = .

.pstack         0x0000000020000400      0x800
                0x0000000020000400                . = ALIGN (0x8)
                0x0000000020000400                __process_stack_base__ = .
                0x0000000020000400                __main_thread_stack_base__ = .
                0x0000000020000c00                . = (. + __process_stack_size__)
 *fill*         0x0000000020000400      0x800 
                0x0000000020000c00                . = ALIGN (0x8)
                0x0000000020000c00                __process_stack_end__ = .
                0x0000000020000c00                __main_thread_stack_end__ = .

.vectors        0x0000000008000000      0x1a0
 *(.vectors)
 .vectors       0x0000000008000000      0x1a0 .build/obj_gmmk_pro_iso_iso-mac/./lib/chibios/os/common/startup/ARMCMx/compilers/GCC/vectors.o
                0x0000000008000000                _vectors

.xtors          0x00000000080001a0        0x0
                0x00000000080001a0                __init_array_base__ = .
 *(SORT_BY_NAME(.init_array.*))
 *(.init_array)
                0x00000000080001a0                __init_array_end__ = .
                0x00000000080001a0                __fini_array_base__ = .
 *(.fini_array)
 *(SORT_BY_NAME(.fini_array.*))
                0x00000000080001a0                __fini_array_end__ = .

.text           0x00000000080001a0     0x84fe
                0x00000000080001a0                __text_base__ = .
 *(.text)
 .text          0x00000000080001a0      0x120 .build/obj_gmmk_pro_iso_iso-mac/./lib/chibios/os/common/startup/ARMCMx/compilers/GCC/crt0_v7m.o
                0x00000000080001a0                _crt0_entry
 .text          0x00000000080002c0        0x8 .build/obj_gmmk_pro_iso_iso-mac/./lib/chibios/os/common/startup/ARMCMx/compilers/GCC/vectors.o
                0x00000000080002c0                Reset_Handler
                0x00000000080002c2                VectorE8
                0x00000000080002c2                Vector9C
                0x00000000080002c2                VectorAC
                0x00000000080002c2                DebugMon_Handler
                0x00000000080002c2                Vector5C
                0x00000000080002c2                Vector11C
                0x00000000080002c2                HardFault_Handler
                0x00000000080002c2                Vector19C
                0x00000000080002c2                Vector8C
                0x00000000080002c2                SysTick_Handler
                0x00000000080002c2                VectorDC
                0x00000000080002c2                PendSV_Handler
                0x00000000080002c2                Vector168
                0x00000000080002c2                NMI_Handler
                0x00000000080002c2                Vector110
                0x00000000080002c2                VectorC8
                0x00000000080002c2                Vector94
                0x00000000080002c2                VectorA8
                0x00000000080002c2                VectorB4
                0x00000000080002c2                Vector160
                0x00000000080002c2                UsageFault_Handler
                0x00000000080002c2                VectorEC
                0x00000000080002c2                Vector40
                0x00000000080002c2                VectorF8
                0x00000000080002c2                Vector108
                0x00000000080002c2                VectorBC
                0x00000000080002c2                Vector190
                0x00000000080002c2                Vector150
                0x00000000080002c2                Vector148
                0x00000000080002c2                Vector188
                0x00000000080002c2                Vector198
                0x00000000080002c2                Vector118
                0x00000000080002c2                Vector64
                0x00000000080002c2                VectorCC
                0x00000000080002c2                Vector54
                0x00000000080002c2                Vector98
                0x00000000080002c2                VectorD8
                0x00000000080002c2                Vector138
                0x00000000080002c2                Vector24
                0x00000000080002c2                Vector178
                0x00000000080002c2                VectorD0
                0x00000000080002c2                Vector140
                0x00000000080002c2                VectorE4
                0x00000000080002c2                VectorC0
                0x00000000080002c2                Vector158
                0x00000000080002c2                Vector134
                0x00000000080002c2                VectorF0
                0x00000000080002c2                Vector13C
                0x00000000080002c2                Vector100
                0x00000000080002c2                VectorE0
                0x00000000080002c2                VectorF4
                0x00000000080002c2                MemManage_Handler
                0x00000000080002c2                VectorA0
                0x00000000080002c2                VectorC4
                0x00000000080002c2                Vector180
                0x00000000080002c2                Vector90
                0x00000000080002c2                Vector114
                0x00000000080002c2                Vector164
                0x00000000080002c2                Vector60
                0x00000000080002c2                Vector1C
                0x00000000080002c2                Vector17C
                0x00000000080002c2                Vector48
                0x00000000080002c2                VectorD4
                0x00000000080002c2                Vector4C
                0x00000000080002c2                Vector144
                0x00000000080002c2                Vector15C
                0x00000000080002c2                Vector68
                0x00000000080002c2                Vector174
                0x00000000080002c2                Vector58
                0x00000000080002c2                Vector170
                0x00000000080002c2                Vector88
                0x00000000080002c2                Vector104
                0x00000000080002c2                Vector184
                0x00000000080002c2                Vector10C
                0x00000000080002c2                Vector14C
                0x00000000080002c2                BusFault_Handler
                0x00000000080002c2                Vector50
                0x00000000080002c2                Vector194
                0x00000000080002c2                Vector154
                0x00000000080002c2                Vector44
                0x00000000080002c2                Vector28
                0x00000000080002c2                VectorB8
                0x00000000080002c2                VectorFC
                0x00000000080002c2                Vector34
                0x00000000080002c2                VectorA4
                0x00000000080002c2                Vector20
                0x00000000080002c2                Vector18C
                0x00000000080002c6                _unhandled_exception
 .text          0x00000000080002c8       0x32 .build/obj_gmmk_pro_iso_iso-mac/./lib/chibios/os/common/ports/ARMCMx/compilers/GCC/chcoreasm_v7m.o
                0x00000000080002c8                _port_switch
                0x00000000080002e0                _port_thread_start
                0x00000000080002f2                _port_switch_from_isr
                0x00000000080002f6                _port_exit_from_isr
 *fill*         0x00000000080002fa        0x2 
 .text          0x00000000080002fc       0x30 /usr/local/Cellar/arm-gcc-bin@10/10.3-2021.07_1/bin/../lib/gcc/arm-none-eabi/10.3.1/thumb/v7e-m+fp/hard/libgcc.a(_aeabi_uldivmod.o)
                0x00000000080002fc                __aeabi_uldivmod
 .text          0x000000000800032c      0x2d0 /usr/local/Cellar/arm-gcc-bin@10/10.3-2021.07_1/bin/../lib/gcc/arm-none-eabi/10.3.1/thumb/v7e-m+fp/hard/libgcc.a(_udivmoddi4.o)
                0x000000000800032c                __udivmoddi4
 .text          0x00000000080005fc        0x4 /usr/local/Cellar/arm-gcc-bin@10/10.3-2021.07_1/bin/../lib/gcc/arm-none-eabi/10.3.1/thumb/v7e-m+fp/hard/libgcc.a(_dvmd_tls.o)
                0x00000000080005fc                __aeabi_ldiv0
                0x00000000080005fc                __aeabi_idiv0
 .text          0x0000000008000600       0xa0 /usr/local/Cellar/arm-gcc-bin@10/10.3-2021.07_1/bin/../lib/gcc/arm-none-eabi/10.3.1/../../../../arm-none-eabi/lib/thumb/v7e-m+fp/hard/libg_nano.a(lib_a-memchr.o)
                0x0000000008000600                memchr
 *(.text.*)
 .text.encoder_update_kb
                0x00000000080006a0       0x1c .build/obj_gmmk_pro_iso_iso-mac/keyboards/gmmk/pro/pro.o
                0x00000000080006a0                encoder_update_kb
 .text.encoder_update_user
                0x00000000080006bc       0x12 .build/obj_gmmk_pro_iso_iso-mac/keyboards/gmmk/pro/iso/keymaps/iso-mac/keymap.o
                0x00000000080006bc                encoder_update_user
 .text.process_action_kb
                0x00000000080006ce        0x4 .build/obj_gmmk_pro_iso_iso-mac/quantum/quantum.o
                0x00000000080006ce                process_action_kb
 .text.process_record_user
                0x00000000080006d2        0x4 .build/obj_gmmk_pro_iso_iso-mac/quantum/quantum.o
                0x00000000080006d2                process_record_user
 .text.process_record_kb
                0x00000000080006d6        0x8 .build/obj_gmmk_pro_iso_iso-mac/quantum/quantum.o
                0x00000000080006d6                process_record_kb
 .text.post_process_record_user
                0x00000000080006de        0x2 .build/obj_gmmk_pro_iso_iso-mac/quantum/quantum.o
                0x00000000080006de                post_process_record_user
 .text.post_process_record_kb
                0x00000000080006e0        0x8 .build/obj_gmmk_pro_iso_iso-mac/quantum/quantum.o
                0x00000000080006e0                post_process_record_kb
 .text.get_event_keycode
                0x00000000080006e8       0x4c .build/obj_gmmk_pro_iso_iso-mac/quantum/quantum.o
                0x00000000080006e8                get_event_keycode
 .text.get_record_keycode
                0x0000000008000734       0x18 .build/obj_gmmk_pro_iso_iso-mac/quantum/quantum.o
                0x0000000008000734                get_record_keycode
 .text.pre_process_record_quantum
                0x000000000800074c        0x4 .build/obj_gmmk_pro_iso_iso-mac/quantum/quantum.o
                0x000000000800074c                pre_process_record_quantum
 .text.post_process_record_quantum
                0x0000000008000750       0x12 .build/obj_gmmk_pro_iso_iso-mac/quantum/quantum.o
                0x0000000008000750                post_process_record_quantum
 .text.matrix_init_quantum
                0x0000000008000762        0x4 .build/obj_gmmk_pro_iso_iso-mac/quantum/quantum.o
                0x0000000008000762                matrix_init_quantum
 .text.matrix_scan_quantum
                0x0000000008000766        0x4 .build/obj_gmmk_pro_iso_iso-mac/quantum/quantum.o
                0x0000000008000766                matrix_scan_quantum
 .text.shutdown_user
                0x000000000800076a        0x2 .build/obj_gmmk_pro_iso_iso-mac/quantum/quantum.o
                0x000000000800076a                shutdown_user
 .text.reset_keyboard
                0x000000000800076c       0x1a .build/obj_gmmk_pro_iso_iso-mac/quantum/quantum.o
                0x000000000800076c                reset_keyboard
 .text.process_record_quantum
                0x0000000008000786       0x9a .build/obj_gmmk_pro_iso_iso-mac/quantum/quantum.o
                0x0000000008000786                process_record_quantum
 .text.suspend_power_down_quantum
                0x0000000008000820       0x18 .build/obj_gmmk_pro_iso_iso-mac/quantum/quantum.o
                0x0000000008000820                suspend_power_down_quantum
 .text.suspend_wakeup_init_quantum
                0x0000000008000838       0x14 .build/obj_gmmk_pro_iso_iso-mac/quantum/quantum.o
                0x0000000008000838                suspend_wakeup_init_quantum
 .text.led_set_user
                0x000000000800084c        0x2 .build/obj_gmmk_pro_iso_iso-mac/quantum/led.o
                0x000000000800084c                led_set_user
 .text.led_set_kb
                0x000000000800084e        0x8 .build/obj_gmmk_pro_iso_iso-mac/quantum/led.o
                0x000000000800084e                led_set_kb
 .text.led_update_user
                0x0000000008000856        0x4 .build/obj_gmmk_pro_iso_iso-mac/quantum/led.o
                0x0000000008000856                led_update_user
 .text.led_update_kb
                0x000000000800085a        0x8 .build/obj_gmmk_pro_iso_iso-mac/quantum/led.o
                0x000000000800085a                led_update_kb
 .text.led_init_ports
                0x0000000008000862        0x2 .build/obj_gmmk_pro_iso_iso-mac/quantum/led.o
                0x0000000008000862                led_init_ports
 .text.led_set  0x0000000008000864       0x10 .build/obj_gmmk_pro_iso_iso-mac/quantum/led.o
                0x0000000008000864                led_set
 .text.led_suspend
                0x0000000008000874        0xa .build/obj_gmmk_pro_iso_iso-mac/quantum/led.o
                0x0000000008000874                led_suspend
 .text.led_wakeup
                0x000000000800087e        0xc .build/obj_gmmk_pro_iso_iso-mac/quantum/led.o
                0x000000000800087e                led_wakeup
 *fill*         0x000000000800088a        0x2 
 .text.led_task
                0x000000000800088c       0x1c .build/obj_gmmk_pro_iso_iso-mac/quantum/led.o
                0x000000000800088c                led_task
 .text.action_exec
                0x00000000080008a8       0x52 .build/obj_gmmk_pro_iso_iso-mac/quantum/action.o
                0x00000000080008a8                action_exec
 .text.process_record_tap_hint
                0x00000000080008fa        0x6 .build/obj_gmmk_pro_iso_iso-mac/quantum/action.o
                0x00000000080008fa                process_record_tap_hint
 .text.register_code
                0x0000000008000900      0x100 .build/obj_gmmk_pro_iso_iso-mac/quantum/action.o
                0x0000000008000900                register_code
 .text.unregister_code
                0x0000000008000a00       0xba .build/obj_gmmk_pro_iso_iso-mac/quantum/action.o
                0x0000000008000a00                unregister_code
 .text.tap_code_delay
                0x0000000008000aba       0x20 .build/obj_gmmk_pro_iso_iso-mac/quantum/action.o
                0x0000000008000aba                tap_code_delay
 .text.tap_code
                0x0000000008000ada       0x10 .build/obj_gmmk_pro_iso_iso-mac/quantum/action.o
                0x0000000008000ada                tap_code
 .text.register_mods
                0x0000000008000aea       0x12 .build/obj_gmmk_pro_iso_iso-mac/quantum/action.o
                0x0000000008000aea                register_mods
 .text.unregister_mods
                0x0000000008000afc       0x12 .build/obj_gmmk_pro_iso_iso-mac/quantum/action.o
                0x0000000008000afc                unregister_mods
 *fill*         0x0000000008000b0e        0x2 
 .text.process_action
                0x0000000008000b10      0x3b0 .build/obj_gmmk_pro_iso_iso-mac/quantum/action.o
                0x0000000008000b10                process_action
 .text.process_record_handler
                0x0000000008000ec0       0x26 .build/obj_gmmk_pro_iso_iso-mac/quantum/action.o
                0x0000000008000ec0                process_record_handler
 *fill*         0x0000000008000ee6        0x2 
 .text.process_record
                0x0000000008000ee8       0x58 .build/obj_gmmk_pro_iso_iso-mac/quantum/action.o
                0x0000000008000ee8                process_record
 .text.clear_keyboard_but_mods_and_keys
                0x0000000008000f40       0x22 .build/obj_gmmk_pro_iso_iso-mac/quantum/action.o
                0x0000000008000f40                clear_keyboard_but_mods_and_keys
 .text.clear_keyboard_but_mods
                0x0000000008000f62        0xe .build/obj_gmmk_pro_iso_iso-mac/quantum/action.o
                0x0000000008000f62                clear_keyboard_but_mods
 .text.clear_keyboard
                0x0000000008000f70        0xe .build/obj_gmmk_pro_iso_iso-mac/quantum/action.o
                0x0000000008000f70                clear_keyboard
 .text.is_tap_action
                0x0000000008000f7e       0x42 .build/obj_gmmk_pro_iso_iso-mac/quantum/action.o
                0x0000000008000f7e                is_tap_action
 .text.is_tap_record
                0x0000000008000fc0       0x10 .build/obj_gmmk_pro_iso_iso-mac/quantum/action.o
                0x0000000008000fc0                is_tap_record
 .text.debug_event
                0x0000000008000fd0        0xc .build/obj_gmmk_pro_iso_iso-mac/quantum/action.o
                0x0000000008000fd0                debug_event
 .text.debug_record
                0x0000000008000fdc        0xc .build/obj_gmmk_pro_iso_iso-mac/quantum/action.o
                0x0000000008000fdc                debug_record
 .text.default_layer_state_set_user
                0x0000000008000fe8        0x2 .build/obj_gmmk_pro_iso_iso-mac/quantum/action_layer.o
                0x0000000008000fe8                default_layer_state_set_user
 .text.default_layer_state_set_kb
                0x0000000008000fea        0x8 .build/obj_gmmk_pro_iso_iso-mac/quantum/action_layer.o
                0x0000000008000fea                default_layer_state_set_kb
 *fill*         0x0000000008000ff2        0x2 
 .text.default_layer_state_set
                0x0000000008000ff4       0x18 .build/obj_gmmk_pro_iso_iso-mac/quantum/action_layer.o
 .text.default_layer_debug
                0x000000000800100c        0x2 .build/obj_gmmk_pro_iso_iso-mac/quantum/action_layer.o
                0x000000000800100c                default_layer_debug
 .text.default_layer_set
                0x000000000800100e        0x4 .build/obj_gmmk_pro_iso_iso-mac/quantum/action_layer.o
                0x000000000800100e                default_layer_set
 *fill*         0x0000000008001012        0x2 
 .text.default_layer_or
                0x0000000008001014       0x10 .build/obj_gmmk_pro_iso_iso-mac/quantum/action_layer.o
                0x0000000008001014                default_layer_or
 .text.default_layer_and
                0x0000000008001024       0x10 .build/obj_gmmk_pro_iso_iso-mac/quantum/action_layer.o
                0x0000000008001024                default_layer_and
 .text.default_layer_xor
                0x0000000008001034       0x10 .build/obj_gmmk_pro_iso_iso-mac/quantum/action_layer.o
                0x0000000008001034                default_layer_xor
 .text.layer_state_set_user
                0x0000000008001044        0x2 .build/obj_gmmk_pro_iso_iso-mac/quantum/action_layer.o
                0x0000000008001044                layer_state_set_user
 .text.layer_state_set_kb
                0x0000000008001046        0x8 .build/obj_gmmk_pro_iso_iso-mac/quantum/action_layer.o
                0x0000000008001046                layer_state_set_kb
 *fill*         0x000000000800104e        0x2 
 .text.layer_state_set
                0x0000000008001050       0x18 .build/obj_gmmk_pro_iso_iso-mac/quantum/action_layer.o
                0x0000000008001050                layer_state_set
 .text.layer_clear
                0x0000000008001068        0x6 .build/obj_gmmk_pro_iso_iso-mac/quantum/action_layer.o
                0x0000000008001068                layer_clear
 .text.layer_move
                0x000000000800106e        0xa .build/obj_gmmk_pro_iso_iso-mac/quantum/action_layer.o
                0x000000000800106e                layer_move
 .text.layer_on
                0x0000000008001078       0x14 .build/obj_gmmk_pro_iso_iso-mac/quantum/action_layer.o
                0x0000000008001078                layer_on
 .text.layer_off
                0x000000000800108c       0x18 .build/obj_gmmk_pro_iso_iso-mac/quantum/action_layer.o
                0x000000000800108c                layer_off
 .text.layer_invert
                0x00000000080010a4       0x14 .build/obj_gmmk_pro_iso_iso-mac/quantum/action_layer.o
                0x00000000080010a4                layer_invert
 .text.layer_or
                0x00000000080010b8       0x10 .build/obj_gmmk_pro_iso_iso-mac/quantum/action_layer.o
                0x00000000080010b8                layer_or
 .text.layer_and
                0x00000000080010c8       0x10 .build/obj_gmmk_pro_iso_iso-mac/quantum/action_layer.o
                0x00000000080010c8                layer_and
 .text.layer_xor
                0x00000000080010d8       0x10 .build/obj_gmmk_pro_iso_iso-mac/quantum/action_layer.o
                0x00000000080010d8                layer_xor
 .text.layer_debug
                0x00000000080010e8        0x2 .build/obj_gmmk_pro_iso_iso-mac/quantum/action_layer.o
                0x00000000080010e8                layer_debug
 *fill*         0x00000000080010ea        0x2 
 .text.update_source_layers_cache
                0x00000000080010ec       0x44 .build/obj_gmmk_pro_iso_iso-mac/quantum/action_layer.o
                0x00000000080010ec                update_source_layers_cache
 .text.read_source_layers_cache
                0x0000000008001130       0x3c .build/obj_gmmk_pro_iso_iso-mac/quantum/action_layer.o
                0x0000000008001130                read_source_layers_cache
 .text.layer_switch_get_layer
                0x000000000800116c       0x40 .build/obj_gmmk_pro_iso_iso-mac/quantum/action_layer.o
                0x000000000800116c                layer_switch_get_layer
 .text.layer_switch_get_action
                0x00000000080011ac       0x18 .build/obj_gmmk_pro_iso_iso-mac/quantum/action_layer.o
                0x00000000080011ac                layer_switch_get_action
 .text.store_or_get_action
                0x00000000080011c4       0x48 .build/obj_gmmk_pro_iso_iso-mac/quantum/action_layer.o
                0x00000000080011c4                store_or_get_action
 .text.debug_waiting_buffer
                0x000000000800120c       0x40 .build/obj_gmmk_pro_iso_iso-mac/quantum/action_tapping.o
 .text.debug_tapping_key
                0x000000000800124c       0x20 .build/obj_gmmk_pro_iso_iso-mac/quantum/action_tapping.o
 .text.waiting_buffer_scan_tap
                0x000000000800126c       0xa4 .build/obj_gmmk_pro_iso_iso-mac/quantum/action_tapping.o
 .text.process_tapping
                0x0000000008001310      0x328 .build/obj_gmmk_pro_iso_iso-mac/quantum/action_tapping.o
 .text.action_tapping_process
                0x0000000008001638       0xdc .build/obj_gmmk_pro_iso_iso-mac/quantum/action_tapping.o
                0x0000000008001638                action_tapping_process
 .text.add_key  0x0000000008001714       0x10 .build/obj_gmmk_pro_iso_iso-mac/quantum/action_util.o
                0x0000000008001714                add_key
 .text.del_key  0x0000000008001724       0x10 .build/obj_gmmk_pro_iso_iso-mac/quantum/action_util.o
                0x0000000008001724                del_key
 .text.clear_keys
                0x0000000008001734        0xc .build/obj_gmmk_pro_iso_iso-mac/quantum/action_util.o
                0x0000000008001734                clear_keys
 .text.get_oneshot_layer
                0x0000000008001740       0x10 .build/obj_gmmk_pro_iso_iso-mac/quantum/action_util.o
                0x0000000008001740                get_oneshot_layer
 .text.get_oneshot_layer_state
                0x0000000008001750       0x10 .build/obj_gmmk_pro_iso_iso-mac/quantum/action_util.o
                0x0000000008001750                get_oneshot_layer_state
 .text.is_oneshot_layer_active
                0x0000000008001760       0x14 .build/obj_gmmk_pro_iso_iso-mac/quantum/action_util.o
                0x0000000008001760                is_oneshot_layer_active
 .text.get_mods
                0x0000000008001774        0xc .build/obj_gmmk_pro_iso_iso-mac/quantum/action_util.o
                0x0000000008001774                get_mods
 .text.add_mods
                0x0000000008001780       0x10 .build/obj_gmmk_pro_iso_iso-mac/quantum/action_util.o
                0x0000000008001780                add_mods
 .text.del_mods
                0x0000000008001790       0x10 .build/obj_gmmk_pro_iso_iso-mac/quantum/action_util.o
                0x0000000008001790                del_mods
 .text.clear_mods
                0x00000000080017a0        0xc .build/obj_gmmk_pro_iso_iso-mac/quantum/action_util.o
                0x00000000080017a0                clear_mods
 .text.add_weak_mods
                0x00000000080017ac       0x10 .build/obj_gmmk_pro_iso_iso-mac/quantum/action_util.o
                0x00000000080017ac                add_weak_mods
 .text.del_weak_mods
                0x00000000080017bc       0x10 .build/obj_gmmk_pro_iso_iso-mac/quantum/action_util.o
                0x00000000080017bc                del_weak_mods
 .text.clear_weak_mods
                0x00000000080017cc        0xc .build/obj_gmmk_pro_iso_iso-mac/quantum/action_util.o
                0x00000000080017cc                clear_weak_mods
 .text.get_oneshot_mods
                0x00000000080017d8        0xc .build/obj_gmmk_pro_iso_iso-mac/quantum/action_util.o
                0x00000000080017d8                get_oneshot_mods
 .text.oneshot_mods_changed_user
                0x00000000080017e4        0x2 .build/obj_gmmk_pro_iso_iso-mac/quantum/action_util.o
                0x00000000080017e4                oneshot_mods_changed_user
 .text.oneshot_mods_changed_kb
                0x00000000080017e6        0x8 .build/obj_gmmk_pro_iso_iso-mac/quantum/action_util.o
                0x00000000080017e6                oneshot_mods_changed_kb
 *fill*         0x00000000080017ee        0x2 
 .text.set_oneshot_mods
                0x00000000080017f0       0x24 .build/obj_gmmk_pro_iso_iso-mac/quantum/action_util.o
                0x00000000080017f0                set_oneshot_mods
 .text.clear_oneshot_mods
                0x0000000008001814       0x18 .build/obj_gmmk_pro_iso_iso-mac/quantum/action_util.o
                0x0000000008001814                clear_oneshot_mods
 .text.send_keyboard_report
                0x000000000800182c       0x60 .build/obj_gmmk_pro_iso_iso-mac/quantum/action_util.o
                0x000000000800182c                send_keyboard_report
 .text.oneshot_layer_changed_user
                0x000000000800188c        0x2 .build/obj_gmmk_pro_iso_iso-mac/quantum/action_util.o
                0x000000000800188c                oneshot_layer_changed_user
 .text.oneshot_layer_changed_kb
                0x000000000800188e        0x8 .build/obj_gmmk_pro_iso_iso-mac/quantum/action_util.o
                0x000000000800188e                oneshot_layer_changed_kb
 *fill*         0x0000000008001896        0x2 
 .text.set_oneshot_layer
                0x0000000008001898       0x34 .build/obj_gmmk_pro_iso_iso-mac/quantum/action_util.o
                0x0000000008001898                set_oneshot_layer
 .text.reset_oneshot_layer
                0x00000000080018cc       0x14 .build/obj_gmmk_pro_iso_iso-mac/quantum/action_util.o
                0x00000000080018cc                reset_oneshot_layer
 .text.clear_oneshot_layer_state
                0x00000000080018e0       0x3c .build/obj_gmmk_pro_iso_iso-mac/quantum/action_util.o
                0x00000000080018e0                clear_oneshot_layer_state
 .text.oneshot_set
                0x000000000800191c       0x2c .build/obj_gmmk_pro_iso_iso-mac/quantum/action_util.o
                0x000000000800191c                oneshot_set
 .text.oneshot_toggle
                0x0000000008001948       0x18 .build/obj_gmmk_pro_iso_iso-mac/quantum/action_util.o
                0x0000000008001948                oneshot_toggle
 .text.oneshot_enable
                0x0000000008001960        0x6 .build/obj_gmmk_pro_iso_iso-mac/quantum/action_util.o
                0x0000000008001960                oneshot_enable
 .text.oneshot_disable
                0x0000000008001966        0x6 .build/obj_gmmk_pro_iso_iso-mac/quantum/action_util.o
                0x0000000008001966                oneshot_disable
 .text.eeconfig_disable
                0x000000000800196c       0x14 .build/obj_gmmk_pro_iso_iso-mac/quantum/eeconfig.o
                0x000000000800196c                eeconfig_disable
 .text.eeconfig_is_enabled
                0x0000000008001980       0x14 .build/obj_gmmk_pro_iso_iso-mac/quantum/eeconfig.o
                0x0000000008001980                eeconfig_is_enabled
 .text.eeconfig_read_debug
                0x0000000008001994        0x6 .build/obj_gmmk_pro_iso_iso-mac/quantum/eeconfig.o
                0x0000000008001994                eeconfig_read_debug
 .text.eeconfig_read_default_layer
                0x000000000800199a        0x6 .build/obj_gmmk_pro_iso_iso-mac/quantum/eeconfig.o
                0x000000000800199a                eeconfig_read_default_layer
 .text.eeconfig_read_keymap
                0x00000000080019a0       0x18 .build/obj_gmmk_pro_iso_iso-mac/quantum/eeconfig.o
                0x00000000080019a0                eeconfig_read_keymap
 .text.eeconfig_update_keymap
                0x00000000080019b8       0x18 .build/obj_gmmk_pro_iso_iso-mac/quantum/eeconfig.o
                0x00000000080019b8                eeconfig_update_keymap
 .text.eeconfig_update_kb
                0x00000000080019d0        0x8 .build/obj_gmmk_pro_iso_iso-mac/quantum/eeconfig.o
                0x00000000080019d0                eeconfig_update_kb
 .text.eeconfig_update_user
                0x00000000080019d8        0x8 .build/obj_gmmk_pro_iso_iso-mac/quantum/eeconfig.o
                0x00000000080019d8                eeconfig_update_user
 .text.eeconfig_init_user
                0x00000000080019e0        0x6 .build/obj_gmmk_pro_iso_iso-mac/quantum/eeconfig.o
                0x00000000080019e0                eeconfig_init_user
 .text.eeconfig_init_kb
                0x00000000080019e6        0xe .build/obj_gmmk_pro_iso_iso-mac/quantum/eeconfig.o
                0x00000000080019e6                eeconfig_init_kb
 .text.eeconfig_init_quantum
                0x00000000080019f4       0x90 .build/obj_gmmk_pro_iso_iso-mac/quantum/eeconfig.o
                0x00000000080019f4                eeconfig_init_quantum
 .text.eeconfig_init
                0x0000000008001a84        0x4 .build/obj_gmmk_pro_iso_iso-mac/quantum/eeconfig.o
                0x0000000008001a84                eeconfig_init
 .text.eeconfig_update_handedness
                0x0000000008001a88        0x8 .build/obj_gmmk_pro_iso_iso-mac/quantum/eeconfig.o
                0x0000000008001a88                eeconfig_update_handedness
 .text.last_matrix_activity_trigger
                0x0000000008001a90       0x18 .build/obj_gmmk_pro_iso_iso-mac/quantum/keyboard.o
                0x0000000008001a90                last_matrix_activity_trigger
 .text.last_encoder_activity_trigger
                0x0000000008001aa8       0x18 .build/obj_gmmk_pro_iso_iso-mac/quantum/keyboard.o
                0x0000000008001aa8                last_encoder_activity_trigger
 .text.matrix_setup
                0x0000000008001ac0        0x2 .build/obj_gmmk_pro_iso_iso-mac/quantum/keyboard.o
                0x0000000008001ac0                matrix_setup
 .text.keyboard_pre_init_user
                0x0000000008001ac2        0x2 .build/obj_gmmk_pro_iso_iso-mac/quantum/keyboard.o
                0x0000000008001ac2                keyboard_pre_init_user
 .text.keyboard_pre_init_kb
                0x0000000008001ac4        0x8 .build/obj_gmmk_pro_iso_iso-mac/quantum/keyboard.o
                0x0000000008001ac4                keyboard_pre_init_kb
 .text.keyboard_post_init_user
                0x0000000008001acc        0x2 .build/obj_gmmk_pro_iso_iso-mac/quantum/keyboard.o
                0x0000000008001acc                keyboard_post_init_user
 .text.keyboard_post_init_kb
                0x0000000008001ace        0x8 .build/obj_gmmk_pro_iso_iso-mac/quantum/keyboard.o
                0x0000000008001ace                keyboard_post_init_kb
 *fill*         0x0000000008001ad6        0x2 
 .text.keyboard_setup
                0x0000000008001ad8       0x1c .build/obj_gmmk_pro_iso_iso-mac/quantum/keyboard.o
                0x0000000008001ad8                keyboard_setup
 .text.is_keyboard_master
                0x0000000008001af4        0x4 .build/obj_gmmk_pro_iso_iso-mac/quantum/keyboard.o
                0x0000000008001af4                is_keyboard_master
 .text.should_process_keypress
                0x0000000008001af8        0x8 .build/obj_gmmk_pro_iso_iso-mac/quantum/keyboard.o
                0x0000000008001af8                should_process_keypress
 .text.housekeeping_task_kb
                0x0000000008001b00        0x2 .build/obj_gmmk_pro_iso_iso-mac/quantum/keyboard.o
                0x0000000008001b00                housekeeping_task_kb
 .text.housekeeping_task_user
                0x0000000008001b02        0x2 .build/obj_gmmk_pro_iso_iso-mac/quantum/keyboard.o
                0x0000000008001b02                housekeeping_task_user
 .text.housekeeping_task
                0x0000000008001b04        0xc .build/obj_gmmk_pro_iso_iso-mac/quantum/keyboard.o
                0x0000000008001b04                housekeeping_task
 .text.quantum_init
                0x0000000008001b10       0x12 .build/obj_gmmk_pro_iso_iso-mac/quantum/keyboard.o
                0x0000000008001b10                quantum_init
 .text.keyboard_init
                0x0000000008001b22       0x18 .build/obj_gmmk_pro_iso_iso-mac/quantum/keyboard.o
                0x0000000008001b22                keyboard_init
 *fill*         0x0000000008001b3a        0x2 
 .text.matrix_scan_task
                0x0000000008001b3c       0xe8 .build/obj_gmmk_pro_iso_iso-mac/quantum/keyboard.o
                0x0000000008001b3c                matrix_scan_task
 .text.keyboard_task
                0x0000000008001c24       0x20 .build/obj_gmmk_pro_iso_iso-mac/quantum/keyboard.o
                0x0000000008001c24                keyboard_task
 .text.action_for_keycode
                0x0000000008001c44      0x164 .build/obj_gmmk_pro_iso_iso-mac/quantum/keymap_common.o
                0x0000000008001c44                action_for_keycode
 .text.keymap_key_to_keycode
                0x0000000008001da8       0x20 .build/obj_gmmk_pro_iso_iso-mac/quantum/keymap_common.o
                0x0000000008001da8                keymap_key_to_keycode
 .text.action_for_key
                0x0000000008001dc8       0x16 .build/obj_gmmk_pro_iso_iso-mac/quantum/keymap_common.o
                0x0000000008001dc8                action_for_key
 *fill*         0x0000000008001dde        0x2 
 .text.keycode_config
                0x0000000008001de0      0x100 .build/obj_gmmk_pro_iso_iso-mac/quantum/keycode_config.o
                0x0000000008001de0                keycode_config
 .text.mod_config
                0x0000000008001ee0       0xac .build/obj_gmmk_pro_iso_iso-mac/quantum/keycode_config.o
                0x0000000008001ee0                mod_config
 .text.sendchar
                0x0000000008001f8c        0x4 .build/obj_gmmk_pro_iso_iso-mac/quantum/logging/sendchar.o
                0x0000000008001f8c                sendchar
 .text.null_sendchar_func
                0x0000000008001f90        0x4 .build/obj_gmmk_pro_iso_iso-mac/quantum/logging/print.o
 .text.print_set_sendchar
                0x0000000008001f94        0xc .build/obj_gmmk_pro_iso_iso-mac/quantum/logging/print.o
                0x0000000008001f94                print_set_sendchar
 .text.bootmagic_lite_reset_eeprom
                0x0000000008001fa0        0x4 .build/obj_gmmk_pro_iso_iso-mac/quantum/bootmagic/bootmagic_lite.o
                0x0000000008001fa0                bootmagic_lite_reset_eeprom
 .text.bootmagic_lite
                0x0000000008001fa4       0x2a .build/obj_gmmk_pro_iso_iso-mac/quantum/bootmagic/bootmagic_lite.o
                0x0000000008001fa4                bootmagic_lite
 .text.bootmagic
                0x0000000008001fce        0x8 .build/obj_gmmk_pro_iso_iso-mac/quantum/bootmagic/bootmagic_lite.o
                0x0000000008001fce                bootmagic
 *fill*         0x0000000008001fd6        0x2 
 .text.magic    0x0000000008001fd8       0x40 .build/obj_gmmk_pro_iso_iso-mac/quantum/bootmagic/magic.o
                0x0000000008001fd8                magic
 .text.matrix_init_user
                0x0000000008002018        0x2 .build/obj_gmmk_pro_iso_iso-mac/quantum/matrix_common.o
                0x0000000008002018                matrix_init_user
 .text.matrix_init_kb
                0x000000000800201a        0x8 .build/obj_gmmk_pro_iso_iso-mac/quantum/matrix_common.o
                0x000000000800201a                matrix_init_kb
 .text.matrix_scan_user
                0x0000000008002022        0x2 .build/obj_gmmk_pro_iso_iso-mac/quantum/matrix_common.o
                0x0000000008002022                matrix_scan_user
 .text.matrix_scan_kb
                0x0000000008002024        0x8 .build/obj_gmmk_pro_iso_iso-mac/quantum/matrix_common.o
                0x0000000008002024                matrix_scan_kb
 .text.matrix_get_row
                0x000000000800202c        0xc .build/obj_gmmk_pro_iso_iso-mac/quantum/matrix_common.o
                0x000000000800202c                matrix_get_row
 .text.matrix_print
                0x0000000008002038        0x2 .build/obj_gmmk_pro_iso_iso-mac/quantum/matrix_common.o
                0x0000000008002038                matrix_print
 .text.matrix_io_delay
                0x000000000800203a        0x6 .build/obj_gmmk_pro_iso_iso-mac/quantum/matrix_common.o
                0x000000000800203a                matrix_io_delay
 .text.matrix_output_select_delay
                0x0000000008002040       0x26 .build/obj_gmmk_pro_iso_iso-mac/quantum/matrix_common.o
                0x0000000008002040                matrix_output_select_delay
 .text.matrix_output_unselect_delay
                0x0000000008002066        0x8 .build/obj_gmmk_pro_iso_iso-mac/quantum/matrix_common.o
                0x0000000008002066                matrix_output_unselect_delay
 .text.setPinInputHigh_atomic
                0x000000000800206e       0x20 .build/obj_gmmk_pro_iso_iso-mac/quantum/matrix.o
 *fill*         0x000000000800208e        0x2 
 .text.matrix_init_pins
                0x0000000008002090       0x3c .build/obj_gmmk_pro_iso_iso-mac/quantum/matrix.o
                0x0000000008002090                matrix_init_pins
 .text.matrix_read_cols_on_row
                0x00000000080020cc       0xa4 .build/obj_gmmk_pro_iso_iso-mac/quantum/matrix.o
                0x00000000080020cc                matrix_read_cols_on_row
 .text.matrix_init
                0x0000000008002170       0x34 .build/obj_gmmk_pro_iso_iso-mac/quantum/matrix.o
                0x0000000008002170                matrix_init
 .text.matrix_scan
                0x00000000080021a4       0x5c .build/obj_gmmk_pro_iso_iso-mac/quantum/matrix.o
                0x00000000080021a4                matrix_scan
 .text.debounce_init
                0x0000000008002200        0x2 .build/obj_gmmk_pro_iso_iso-mac/quantum/debounce/sym_defer_g.o
                0x0000000008002200                debounce_init
 *fill*         0x0000000008002202        0x2 
 .text.debounce
                0x0000000008002204       0x48 .build/obj_gmmk_pro_iso_iso-mac/quantum/debounce/sym_defer_g.o
                0x0000000008002204                debounce
 .text.protocol_init
                0x000000000800224c       0x12 .build/obj_gmmk_pro_iso_iso-mac/quantum/main.o
                0x000000000800224c                protocol_init
 .text.protocol_task
                0x000000000800225e       0x12 .build/obj_gmmk_pro_iso_iso-mac/quantum/main.o
                0x000000000800225e                protocol_task
 .text.startup.main
                0x0000000008002270       0x1c .build/obj_gmmk_pro_iso_iso-mac/quantum/main.o
                0x0000000008002270                main
 .text.move_unit
                0x000000000800228c       0x6c .build/obj_gmmk_pro_iso_iso-mac/quantum/mousekey.o
 .text.wheel_unit
                0x00000000080022f8       0x68 .build/obj_gmmk_pro_iso_iso-mac/quantum/mousekey.o
 .text.mousekey_on
                0x0000000008002360       0xbc .build/obj_gmmk_pro_iso_iso-mac/quantum/mousekey.o
                0x0000000008002360                mousekey_on
 .text.mousekey_off
                0x000000000800241c       0xec .build/obj_gmmk_pro_iso_iso-mac/quantum/mousekey.o
                0x000000000800241c                mousekey_off
 .text.mousekey_send
                0x0000000008002508       0x38 .build/obj_gmmk_pro_iso_iso-mac/quantum/mousekey.o
                0x0000000008002508                mousekey_send
 .text.mousekey_task
                0x0000000008002540      0x184 .build/obj_gmmk_pro_iso_iso-mac/quantum/mousekey.o
                0x0000000008002540                mousekey_task
 .text.mousekey_clear
                0x00000000080026c4       0x2c .build/obj_gmmk_pro_iso_iso-mac/quantum/mousekey.o
                0x00000000080026c4                mousekey_clear
 .text.eeprom_read_byte
                0x00000000080026f0       0x1e .build/obj_gmmk_pro_iso_iso-mac/eeprom_driver.o
                0x00000000080026f0                eeprom_read_byte
 .text.eeprom_read_word
                0x000000000800270e       0x1e .build/obj_gmmk_pro_iso_iso-mac/eeprom_driver.o
                0x000000000800270e                eeprom_read_word
 .text.eeprom_read_dword
                0x000000000800272c       0x1a .build/obj_gmmk_pro_iso_iso-mac/eeprom_driver.o
                0x000000000800272c                eeprom_read_dword
 .text.eeprom_write_byte
                0x0000000008002746       0x18 .build/obj_gmmk_pro_iso_iso-mac/eeprom_driver.o
                0x0000000008002746                eeprom_write_byte
 .text.eeprom_write_word
                0x000000000800275e       0x18 .build/obj_gmmk_pro_iso_iso-mac/eeprom_driver.o
                0x000000000800275e                eeprom_write_word
 .text.eeprom_write_dword
                0x0000000008002776       0x16 .build/obj_gmmk_pro_iso_iso-mac/eeprom_driver.o
                0x0000000008002776                eeprom_write_dword
 .text.eeprom_update_block
                0x000000000800278c       0x34 .build/obj_gmmk_pro_iso_iso-mac/eeprom_driver.o
                0x000000000800278c                eeprom_update_block
 .text.eeprom_update_byte
                0x00000000080027c0       0x1c .build/obj_gmmk_pro_iso_iso-mac/eeprom_driver.o
                0x00000000080027c0                eeprom_update_byte
 .text.eeprom_update_word
                0x00000000080027dc       0x1c .build/obj_gmmk_pro_iso_iso-mac/eeprom_driver.o
                0x00000000080027dc                eeprom_update_word
 .text.eeprom_update_dword
                0x00000000080027f8       0x1c .build/obj_gmmk_pro_iso_iso-mac/eeprom_driver.o
                0x00000000080027f8                eeprom_update_dword
 .text.eeprom_clear
                0x0000000008002814       0x40 .build/obj_gmmk_pro_iso_iso-mac/platforms/chibios/eeprom_stm32.o
 .text.eeprom_write_direct_entry
                0x0000000008002854       0x48 .build/obj_gmmk_pro_iso_iso-mac/platforms/chibios/eeprom_stm32.o
 .text.eeprom_compact
                0x000000000800289c       0x44 .build/obj_gmmk_pro_iso_iso-mac/platforms/chibios/eeprom_stm32.o
 .text.eeprom_write_log_word_entry
                0x00000000080028e0       0x88 .build/obj_gmmk_pro_iso_iso-mac/platforms/chibios/eeprom_stm32.o
 .text.eeprom_write_log_byte_entry
                0x0000000008002968       0x48 .build/obj_gmmk_pro_iso_iso-mac/platforms/chibios/eeprom_stm32.o
 .text.EEPROM_Init
                0x00000000080029b0       0x94 .build/obj_gmmk_pro_iso_iso-mac/platforms/chibios/eeprom_stm32.o
                0x00000000080029b0                EEPROM_Init
 .text.EEPROM_Erase
                0x0000000008002a44        0xe .build/obj_gmmk_pro_iso_iso-mac/platforms/chibios/eeprom_stm32.o
                0x0000000008002a44                EEPROM_Erase
 *fill*         0x0000000008002a52        0x2 
 .text.EEPROM_WriteDataByte
                0x0000000008002a54       0x40 .build/obj_gmmk_pro_iso_iso-mac/platforms/chibios/eeprom_stm32.o
                0x0000000008002a54                EEPROM_WriteDataByte
 .text.EEPROM_WriteDataWord
                0x0000000008002a94       0x80 .build/obj_gmmk_pro_iso_iso-mac/platforms/chibios/eeprom_stm32.o
                0x0000000008002a94                EEPROM_WriteDataWord
 .text.EEPROM_ReadDataByte
                0x0000000008002b14       0x14 .build/obj_gmmk_pro_iso_iso-mac/platforms/chibios/eeprom_stm32.o
                0x0000000008002b14                EEPROM_ReadDataByte
 .text.EEPROM_ReadDataWord
                0x0000000008002b28       0x28 .build/obj_gmmk_pro_iso_iso-mac/platforms/chibios/eeprom_stm32.o
                0x0000000008002b28                EEPROM_ReadDataWord
 .text.eeprom_driver_init
                0x0000000008002b50        0x4 .build/obj_gmmk_pro_iso_iso-mac/platforms/chibios/eeprom_stm32.o
                0x0000000008002b50                eeprom_driver_init
 .text.eeprom_driver_erase
                0x0000000008002b54        0x4 .build/obj_gmmk_pro_iso_iso-mac/platforms/chibios/eeprom_stm32.o
                0x0000000008002b54                eeprom_driver_erase
 .text.eeprom_read_block
                0x0000000008002b58       0x6a .build/obj_gmmk_pro_iso_iso-mac/platforms/chibios/eeprom_stm32.o
                0x0000000008002b58                eeprom_read_block
 .text.eeprom_write_block
                0x0000000008002bc2       0x60 .build/obj_gmmk_pro_iso_iso-mac/platforms/chibios/eeprom_stm32.o
                0x0000000008002bc2                eeprom_write_block
 *fill*         0x0000000008002c22        0x2 
 .text.FLASH_GetStatus
                0x0000000008002c24       0x34 .build/obj_gmmk_pro_iso_iso-mac/platforms/chibios/flash_stm32.o
                0x0000000008002c24                FLASH_GetStatus
 .text.FLASH_WaitForLastOperation
                0x0000000008002c58       0x38 .build/obj_gmmk_pro_iso_iso-mac/platforms/chibios/flash_stm32.o
                0x0000000008002c58                FLASH_WaitForLastOperation
 .text.FLASH_ErasePage
                0x0000000008002c90       0x44 .build/obj_gmmk_pro_iso_iso-mac/platforms/chibios/flash_stm32.o
                0x0000000008002c90                FLASH_ErasePage
 .text.FLASH_ProgramHalfWord
                0x0000000008002cd4       0x4c .build/obj_gmmk_pro_iso_iso-mac/platforms/chibios/flash_stm32.o
                0x0000000008002cd4                FLASH_ProgramHalfWord
 .text.FLASH_Unlock
                0x0000000008002d20       0x1c .build/obj_gmmk_pro_iso_iso-mac/platforms/chibios/flash_stm32.o
                0x0000000008002d20                FLASH_Unlock
 .text.FLASH_Lock
                0x0000000008002d3c       0x10 .build/obj_gmmk_pro_iso_iso-mac/platforms/chibios/flash_stm32.o
                0x0000000008002d3c                FLASH_Lock
 .text.hsv_to_rgb_impl
                0x0000000008002d4c       0xe0 .build/obj_gmmk_pro_iso_iso-mac/quantum/color.o
                0x0000000008002d4c                hsv_to_rgb_impl
 .text.hsv_to_rgb
                0x0000000008002e2c        0xa .build/obj_gmmk_pro_iso_iso-mac/quantum/color.o
                0x0000000008002e2c                hsv_to_rgb
 .text.sqrt16   0x0000000008002e36       0x4a .build/obj_gmmk_pro_iso_iso-mac/quantum/rgb_matrix/rgb_matrix.o
 .text.random8  0x0000000008002e80       0x24 .build/obj_gmmk_pro_iso_iso-mac/quantum/rgb_matrix/rgb_matrix.o
 .text.sin8_C   0x0000000008002ea4       0x44 .build/obj_gmmk_pro_iso_iso-mac/quantum/rgb_matrix/rgb_matrix.o
 .text.BAND_SAT_math
                0x0000000008002ee8       0x58 .build/obj_gmmk_pro_iso_iso-mac/quantum/rgb_matrix/rgb_matrix.o
 .text.BAND_VAL_math
                0x0000000008002f40       0x58 .build/obj_gmmk_pro_iso_iso-mac/quantum/rgb_matrix/rgb_matrix.o
 .text.CYCLE_ALL_math
                0x0000000008002f98       0x26 .build/obj_gmmk_pro_iso_iso-mac/quantum/rgb_matrix/rgb_matrix.o
 *fill*         0x0000000008002fbe        0x2 
 .text.CYCLE_LEFT_RIGHT_math
                0x0000000008002fc0       0x34 .build/obj_gmmk_pro_iso_iso-mac/quantum/rgb_matrix/rgb_matrix.o
 .text.CYCLE_UP_DOWN_math
                0x0000000008002ff4       0x38 .build/obj_gmmk_pro_iso_iso-mac/quantum/rgb_matrix/rgb_matrix.o
 .text.RAINBOW_MOVING_CHEVRON_math
                0x000000000800302c       0x54 .build/obj_gmmk_pro_iso_iso-mac/quantum/rgb_matrix/rgb_matrix.o
 .text.CYCLE_OUT_IN_math
                0x0000000008003080       0x32 .build/obj_gmmk_pro_iso_iso-mac/quantum/rgb_matrix/rgb_matrix.o
 .text.CYCLE_OUT_IN_DUAL_math
                0x00000000080030b2       0x48 .build/obj_gmmk_pro_iso_iso-mac/quantum/rgb_matrix/rgb_matrix.o
 *fill*         0x00000000080030fa        0x2 
 .text.DUAL_BEACON_math
                0x00000000080030fc       0x50 .build/obj_gmmk_pro_iso_iso-mac/quantum/rgb_matrix/rgb_matrix.o
 .text.RAINBOW_BEACON_math
                0x000000000800314c       0x50 .build/obj_gmmk_pro_iso_iso-mac/quantum/rgb_matrix/rgb_matrix.o
 .text.RAINBOW_PINWHEELS_math
                0x000000000800319c       0x64 .build/obj_gmmk_pro_iso_iso-mac/quantum/rgb_matrix/rgb_matrix.o
 .text.HUE_PENDULUM_math
                0x0000000008003200       0x60 .build/obj_gmmk_pro_iso_iso-mac/quantum/rgb_matrix/rgb_matrix.o
 .text.HUE_WAVE_math
                0x0000000008003260       0x4c .build/obj_gmmk_pro_iso_iso-mac/quantum/rgb_matrix/rgb_matrix.o
 .text.eeconfig_flag_rgb_matrix
                0x00000000080032ac       0x10 .build/obj_gmmk_pro_iso_iso-mac/quantum/rgb_matrix/rgb_matrix.o
 .text.atan2_8  0x00000000080032bc       0x4c .build/obj_gmmk_pro_iso_iso-mac/quantum/rgb_matrix/rgb_matrix.o
 .text.BAND_PINWHEEL_SAT_math
                0x0000000008003308       0x48 .build/obj_gmmk_pro_iso_iso-mac/quantum/rgb_matrix/rgb_matrix.o
 .text.BAND_PINWHEEL_VAL_math
                0x0000000008003350       0x48 .build/obj_gmmk_pro_iso_iso-mac/quantum/rgb_matrix/rgb_matrix.o
 .text.BAND_SPIRAL_SAT_math
                0x0000000008003398       0x46 .build/obj_gmmk_pro_iso_iso-mac/quantum/rgb_matrix/rgb_matrix.o
 .text.BAND_SPIRAL_VAL_math
                0x00000000080033de       0x46 .build/obj_gmmk_pro_iso_iso-mac/quantum/rgb_matrix/rgb_matrix.o
 .text.CYCLE_PINWHEEL_math
                0x0000000008003424       0x30 .build/obj_gmmk_pro_iso_iso-mac/quantum/rgb_matrix/rgb_matrix.o
 .text.CYCLE_SPIRAL_math
                0x0000000008003454       0x36 .build/obj_gmmk_pro_iso_iso-mac/quantum/rgb_matrix/rgb_matrix.o
 *fill*         0x000000000800348a        0x2 
 .text.eeconfig_flush_rgb_matrix.part.0
                0x000000000800348c       0x1c .build/obj_gmmk_pro_iso_iso-mac/quantum/rgb_matrix/rgb_matrix.o
 .text.rgb_matrix_hsv_to_rgb
                0x00000000080034a8        0x8 .build/obj_gmmk_pro_iso_iso-mac/quantum/rgb_matrix/rgb_matrix.o
                0x00000000080034a8                rgb_matrix_hsv_to_rgb
 .text.eeconfig_update_rgb_matrix_default
                0x00000000080034b0       0x2c .build/obj_gmmk_pro_iso_iso-mac/quantum/rgb_matrix/rgb_matrix.o
                0x00000000080034b0                eeconfig_update_rgb_matrix_default
 .text.rgb_matrix_update_pwm_buffers
                0x00000000080034dc        0xc .build/obj_gmmk_pro_iso_iso-mac/quantum/rgb_matrix/rgb_matrix.o
                0x00000000080034dc                rgb_matrix_update_pwm_buffers
 .text.rgb_matrix_set_color
                0x00000000080034e8       0x14 .build/obj_gmmk_pro_iso_iso-mac/quantum/rgb_matrix/rgb_matrix.o
                0x00000000080034e8                rgb_matrix_set_color
 .text.effect_runner_dx_dy_dist
                0x00000000080034fc       0xe8 .build/obj_gmmk_pro_iso_iso-mac/quantum/rgb_matrix/rgb_matrix.o
                0x00000000080034fc                effect_runner_dx_dy_dist
 .text.BAND_SPIRAL_SAT
                0x00000000080035e4        0xc .build/obj_gmmk_pro_iso_iso-mac/quantum/rgb_matrix/rgb_matrix.o
                0x00000000080035e4                BAND_SPIRAL_SAT
 .text.BAND_SPIRAL_VAL
                0x00000000080035f0        0xc .build/obj_gmmk_pro_iso_iso-mac/quantum/rgb_matrix/rgb_matrix.o
                0x00000000080035f0                BAND_SPIRAL_VAL
 .text.CYCLE_OUT_IN
                0x00000000080035fc        0xc .build/obj_gmmk_pro_iso_iso-mac/quantum/rgb_matrix/rgb_matrix.o
                0x00000000080035fc                CYCLE_OUT_IN
 .text.CYCLE_SPIRAL
                0x0000000008003608        0xc .build/obj_gmmk_pro_iso_iso-mac/quantum/rgb_matrix/rgb_matrix.o
                0x0000000008003608                CYCLE_SPIRAL
 .text.effect_runner_dx_dy
                0x0000000008003614       0xd4 .build/obj_gmmk_pro_iso_iso-mac/quantum/rgb_matrix/rgb_matrix.o
                0x0000000008003614                effect_runner_dx_dy
 .text.BAND_PINWHEEL_SAT
                0x00000000080036e8        0xc .build/obj_gmmk_pro_iso_iso-mac/quantum/rgb_matrix/rgb_matrix.o
                0x00000000080036e8                BAND_PINWHEEL_SAT
 .text.BAND_PINWHEEL_VAL
                0x00000000080036f4        0xc .build/obj_gmmk_pro_iso_iso-mac/quantum/rgb_matrix/rgb_matrix.o
                0x00000000080036f4                BAND_PINWHEEL_VAL
 .text.CYCLE_OUT_IN_DUAL
                0x0000000008003700        0xc .build/obj_gmmk_pro_iso_iso-mac/quantum/rgb_matrix/rgb_matrix.o
                0x0000000008003700                CYCLE_OUT_IN_DUAL
 .text.CYCLE_PINWHEEL
                0x000000000800370c        0xc .build/obj_gmmk_pro_iso_iso-mac/quantum/rgb_matrix/rgb_matrix.o
                0x000000000800370c                CYCLE_PINWHEEL
 .text.effect_runner_i
                0x0000000008003718       0xb4 .build/obj_gmmk_pro_iso_iso-mac/quantum/rgb_matrix/rgb_matrix.o
                0x0000000008003718                effect_runner_i
 .text.BAND_SAT
                0x00000000080037cc        0xc .build/obj_gmmk_pro_iso_iso-mac/quantum/rgb_matrix/rgb_matrix.o
                0x00000000080037cc                BAND_SAT
 .text.BAND_VAL
                0x00000000080037d8        0xc .build/obj_gmmk_pro_iso_iso-mac/quantum/rgb_matrix/rgb_matrix.o
                0x00000000080037d8                BAND_VAL
 .text.CYCLE_ALL
                0x00000000080037e4        0xc .build/obj_gmmk_pro_iso_iso-mac/quantum/rgb_matrix/rgb_matrix.o
                0x00000000080037e4                CYCLE_ALL
 .text.CYCLE_LEFT_RIGHT
                0x00000000080037f0        0xc .build/obj_gmmk_pro_iso_iso-mac/quantum/rgb_matrix/rgb_matrix.o
                0x00000000080037f0                CYCLE_LEFT_RIGHT
 .text.CYCLE_UP_DOWN
                0x00000000080037fc        0xc .build/obj_gmmk_pro_iso_iso-mac/quantum/rgb_matrix/rgb_matrix.o
                0x00000000080037fc                CYCLE_UP_DOWN
 .text.RAINBOW_MOVING_CHEVRON
                0x0000000008003808        0xc .build/obj_gmmk_pro_iso_iso-mac/quantum/rgb_matrix/rgb_matrix.o
                0x0000000008003808                RAINBOW_MOVING_CHEVRON
 .text.HUE_PENDULUM
                0x0000000008003814        0xc .build/obj_gmmk_pro_iso_iso-mac/quantum/rgb_matrix/rgb_matrix.o
                0x0000000008003814                HUE_PENDULUM
 .text.HUE_WAVE
                0x0000000008003820        0xc .build/obj_gmmk_pro_iso_iso-mac/quantum/rgb_matrix/rgb_matrix.o
                0x0000000008003820                HUE_WAVE
 .text.effect_runner_sin_cos_i
                0x000000000800382c       0xdc .build/obj_gmmk_pro_iso_iso-mac/quantum/rgb_matrix/rgb_matrix.o
                0x000000000800382c                effect_runner_sin_cos_i
 .text.DUAL_BEACON
                0x0000000008003908        0xc .build/obj_gmmk_pro_iso_iso-mac/quantum/rgb_matrix/rgb_matrix.o
                0x0000000008003908                DUAL_BEACON
 .text.RAINBOW_BEACON
                0x0000000008003914        0xc .build/obj_gmmk_pro_iso_iso-mac/quantum/rgb_matrix/rgb_matrix.o
                0x0000000008003914                RAINBOW_BEACON
 .text.RAINBOW_PINWHEELS
                0x0000000008003920        0xc .build/obj_gmmk_pro_iso_iso-mac/quantum/rgb_matrix/rgb_matrix.o
                0x0000000008003920                RAINBOW_PINWHEELS
 .text.SOLID_COLOR
                0x000000000800392c       0x88 .build/obj_gmmk_pro_iso_iso-mac/quantum/rgb_matrix/rgb_matrix.o
                0x000000000800392c                SOLID_COLOR
 .text.ALPHAS_MODS
                0x00000000080039b4       0xc8 .build/obj_gmmk_pro_iso_iso-mac/quantum/rgb_matrix/rgb_matrix.o
                0x00000000080039b4                ALPHAS_MODS
 .text.GRADIENT_UP_DOWN
                0x0000000008003a7c       0x94 .build/obj_gmmk_pro_iso_iso-mac/quantum/rgb_matrix/rgb_matrix.o
                0x0000000008003a7c                GRADIENT_UP_DOWN
 .text.GRADIENT_LEFT_RIGHT
                0x0000000008003b10       0x94 .build/obj_gmmk_pro_iso_iso-mac/quantum/rgb_matrix/rgb_matrix.o
                0x0000000008003b10                GRADIENT_LEFT_RIGHT
 .text.BREATHING
                0x0000000008003ba4       0xc4 .build/obj_gmmk_pro_iso_iso-mac/quantum/rgb_matrix/rgb_matrix.o
                0x0000000008003ba4                BREATHING
 .text.raindrops_set_color.isra.0
                0x0000000008003c68       0x74 .build/obj_gmmk_pro_iso_iso-mac/quantum/rgb_matrix/rgb_matrix.o
 .text.RAINDROPS
                0x0000000008003cdc       0x80 .build/obj_gmmk_pro_iso_iso-mac/quantum/rgb_matrix/rgb_matrix.o
                0x0000000008003cdc                RAINDROPS
 .text.jellybean_raindrops_set_color.isra.0
                0x0000000008003d5c       0x54 .build/obj_gmmk_pro_iso_iso-mac/quantum/rgb_matrix/rgb_matrix.o
 .text.JELLYBEAN_RAINDROPS
                0x0000000008003db0       0x80 .build/obj_gmmk_pro_iso_iso-mac/quantum/rgb_matrix/rgb_matrix.o
                0x0000000008003db0                JELLYBEAN_RAINDROPS
 .text.HUE_BREATHING
                0x0000000008003e30       0xc8 .build/obj_gmmk_pro_iso_iso-mac/quantum/rgb_matrix/rgb_matrix.o
                0x0000000008003e30                HUE_BREATHING
 .text.rgb_matrix_set_color_all
                0x0000000008003ef8        0xc .build/obj_gmmk_pro_iso_iso-mac/quantum/rgb_matrix/rgb_matrix.o
                0x0000000008003ef8                rgb_matrix_set_color_all
 .text.process_rgb_matrix
                0x0000000008003f04        0x4 .build/obj_gmmk_pro_iso_iso-mac/quantum/rgb_matrix/rgb_matrix.o
                0x0000000008003f04                process_rgb_matrix
 .text.rgb_matrix_indicators_kb
                0x0000000008003f08        0x2 .build/obj_gmmk_pro_iso_iso-mac/quantum/rgb_matrix/rgb_matrix.o
                0x0000000008003f08                rgb_matrix_indicators_kb
 .text.rgb_matrix_indicators_user
                0x0000000008003f0a        0x2 .build/obj_gmmk_pro_iso_iso-mac/quantum/rgb_matrix/rgb_matrix.o
                0x0000000008003f0a                rgb_matrix_indicators_user
 .text.rgb_matrix_indicators
                0x0000000008003f0c        0xc .build/obj_gmmk_pro_iso_iso-mac/quantum/rgb_matrix/rgb_matrix.o
                0x0000000008003f0c                rgb_matrix_indicators
 .text.rgb_matrix_indicators_advanced_kb
                0x0000000008003f18        0x2 .build/obj_gmmk_pro_iso_iso-mac/quantum/rgb_matrix/rgb_matrix.o
                0x0000000008003f18                rgb_matrix_indicators_advanced_kb
 .text.rgb_matrix_indicators_advanced_user
                0x0000000008003f1a        0x2 .build/obj_gmmk_pro_iso_iso-mac/quantum/rgb_matrix/rgb_matrix.o
                0x0000000008003f1a                rgb_matrix_indicators_advanced_user
 .text.rgb_matrix_indicators_advanced
                0x0000000008003f1c       0x2e .build/obj_gmmk_pro_iso_iso-mac/quantum/rgb_matrix/rgb_matrix.o
                0x0000000008003f1c                rgb_matrix_indicators_advanced
 *fill*         0x0000000008003f4a        0x2 
 .text.rgb_matrix_task
                0x0000000008003f4c      0x5dc .build/obj_gmmk_pro_iso_iso-mac/quantum/rgb_matrix/rgb_matrix.o
                0x0000000008003f4c                rgb_matrix_task
 .text.rgb_matrix_init
                0x0000000008004528       0x48 .build/obj_gmmk_pro_iso_iso-mac/quantum/rgb_matrix/rgb_matrix.o
                0x0000000008004528                rgb_matrix_init
 .text.rgb_matrix_set_suspend_state
                0x0000000008004570        0x2 .build/obj_gmmk_pro_iso_iso-mac/quantum/rgb_matrix/rgb_matrix.o
                0x0000000008004570                rgb_matrix_set_suspend_state
 *fill*         0x0000000008004572        0x2 
 .text.rgb_matrix_toggle_eeprom_helper
                0x0000000008004574       0x1c .build/obj_gmmk_pro_iso_iso-mac/quantum/rgb_matrix/rgb_matrix.o
                0x0000000008004574                rgb_matrix_toggle_eeprom_helper
 .text.rgb_matrix_toggle
                0x0000000008004590        0x6 .build/obj_gmmk_pro_iso_iso-mac/quantum/rgb_matrix/rgb_matrix.o
                0x0000000008004590                rgb_matrix_toggle
 *fill*         0x0000000008004596        0x2 
 .text.rgb_matrix_mode_eeprom_helper
                0x0000000008004598       0x3c .build/obj_gmmk_pro_iso_iso-mac/quantum/rgb_matrix/rgb_matrix.o
                0x0000000008004598                rgb_matrix_mode_eeprom_helper
 .text.rgb_matrix_mode
                0x00000000080045d4        0x6 .build/obj_gmmk_pro_iso_iso-mac/quantum/rgb_matrix/rgb_matrix.o
                0x00000000080045d4                rgb_matrix_mode
 *fill*         0x00000000080045da        0x2 
 .text.rgb_matrix_step_helper
                0x00000000080045dc       0x1c .build/obj_gmmk_pro_iso_iso-mac/quantum/rgb_matrix/rgb_matrix.o
                0x00000000080045dc                rgb_matrix_step_helper
 .text.rgb_matrix_step
                0x00000000080045f8        0x6 .build/obj_gmmk_pro_iso_iso-mac/quantum/rgb_matrix/rgb_matrix.o
                0x00000000080045f8                rgb_matrix_step
 *fill*         0x00000000080045fe        0x2 
 .text.rgb_matrix_step_reverse_helper
                0x0000000008004600       0x20 .build/obj_gmmk_pro_iso_iso-mac/quantum/rgb_matrix/rgb_matrix.o
                0x0000000008004600                rgb_matrix_step_reverse_helper
 .text.rgb_matrix_step_reverse
                0x0000000008004620        0x6 .build/obj_gmmk_pro_iso_iso-mac/quantum/rgb_matrix/rgb_matrix.o
                0x0000000008004620                rgb_matrix_step_reverse
 *fill*         0x0000000008004626        0x2 
 .text.rgb_matrix_sethsv_eeprom_helper
                0x0000000008004628       0x24 .build/obj_gmmk_pro_iso_iso-mac/quantum/rgb_matrix/rgb_matrix.o
                0x0000000008004628                rgb_matrix_sethsv_eeprom_helper
 .text.rgb_matrix_increase_hue_helper
                0x000000000800464c       0x14 .build/obj_gmmk_pro_iso_iso-mac/quantum/rgb_matrix/rgb_matrix.o
                0x000000000800464c                rgb_matrix_increase_hue_helper
 .text.rgb_matrix_increase_hue
                0x0000000008004660        0x6 .build/obj_gmmk_pro_iso_iso-mac/quantum/rgb_matrix/rgb_matrix.o
                0x0000000008004660                rgb_matrix_increase_hue
 *fill*         0x0000000008004666        0x2 
 .text.rgb_matrix_decrease_hue_helper
                0x0000000008004668       0x1c .build/obj_gmmk_pro_iso_iso-mac/quantum/rgb_matrix/rgb_matrix.o
                0x0000000008004668                rgb_matrix_decrease_hue_helper
 .text.rgb_matrix_decrease_hue
                0x0000000008004684        0x6 .build/obj_gmmk_pro_iso_iso-mac/quantum/rgb_matrix/rgb_matrix.o
                0x0000000008004684                rgb_matrix_decrease_hue
 *fill*         0x000000000800468a        0x2 
 .text.rgb_matrix_increase_sat_helper
                0x000000000800468c       0x24 .build/obj_gmmk_pro_iso_iso-mac/quantum/rgb_matrix/rgb_matrix.o
                0x000000000800468c                rgb_matrix_increase_sat_helper
 .text.rgb_matrix_increase_sat
                0x00000000080046b0        0x6 .build/obj_gmmk_pro_iso_iso-mac/quantum/rgb_matrix/rgb_matrix.o
                0x00000000080046b0                rgb_matrix_increase_sat
 *fill*         0x00000000080046b6        0x2 
 .text.rgb_matrix_decrease_sat_helper
                0x00000000080046b8       0x20 .build/obj_gmmk_pro_iso_iso-mac/quantum/rgb_matrix/rgb_matrix.o
                0x00000000080046b8                rgb_matrix_decrease_sat_helper
 .text.rgb_matrix_decrease_sat
                0x00000000080046d8        0x6 .build/obj_gmmk_pro_iso_iso-mac/quantum/rgb_matrix/rgb_matrix.o
                0x00000000080046d8                rgb_matrix_decrease_sat
 *fill*         0x00000000080046de        0x2 
 .text.rgb_matrix_increase_val_helper
                0x00000000080046e0       0x24 .build/obj_gmmk_pro_iso_iso-mac/quantum/rgb_matrix/rgb_matrix.o
                0x00000000080046e0                rgb_matrix_increase_val_helper
 .text.rgb_matrix_increase_val
                0x0000000008004704        0x6 .build/obj_gmmk_pro_iso_iso-mac/quantum/rgb_matrix/rgb_matrix.o
                0x0000000008004704                rgb_matrix_increase_val
 *fill*         0x000000000800470a        0x2 
 .text.rgb_matrix_decrease_val_helper
                0x000000000800470c       0x20 .build/obj_gmmk_pro_iso_iso-mac/quantum/rgb_matrix/rgb_matrix.o
                0x000000000800470c                rgb_matrix_decrease_val_helper
 .text.rgb_matrix_decrease_val
                0x000000000800472c        0x6 .build/obj_gmmk_pro_iso_iso-mac/quantum/rgb_matrix/rgb_matrix.o
                0x000000000800472c                rgb_matrix_decrease_val
 *fill*         0x0000000008004732        0x2 
 .text.rgb_matrix_increase_speed_helper
                0x0000000008004734       0x18 .build/obj_gmmk_pro_iso_iso-mac/quantum/rgb_matrix/rgb_matrix.o
                0x0000000008004734                rgb_matrix_increase_speed_helper
 .text.rgb_matrix_increase_speed
                0x000000000800474c        0x6 .build/obj_gmmk_pro_iso_iso-mac/quantum/rgb_matrix/rgb_matrix.o
                0x000000000800474c                rgb_matrix_increase_speed
 *fill*         0x0000000008004752        0x2 
 .text.rgb_matrix_decrease_speed_helper
                0x0000000008004754       0x14 .build/obj_gmmk_pro_iso_iso-mac/quantum/rgb_matrix/rgb_matrix.o
                0x0000000008004754                rgb_matrix_decrease_speed_helper
 .text.rgb_matrix_decrease_speed
                0x0000000008004768        0x6 .build/obj_gmmk_pro_iso_iso-mac/quantum/rgb_matrix/rgb_matrix.o
                0x0000000008004768                rgb_matrix_decrease_speed
 *fill*         0x000000000800476e        0x2 
 .text.flush    0x0000000008004770       0x20 .build/obj_gmmk_pro_iso_iso-mac/quantum/rgb_matrix/rgb_matrix_drivers.o
 .text.init     0x0000000008004790       0x28 .build/obj_gmmk_pro_iso_iso-mac/quantum/rgb_matrix/rgb_matrix_drivers.o
 .text.AW20216_write
                0x00000000080047b8       0x4c .build/obj_gmmk_pro_iso_iso-mac/aw20216.o
                0x00000000080047b8                AW20216_write
 .text.AW20216_init
                0x0000000008004804       0x6e .build/obj_gmmk_pro_iso_iso-mac/aw20216.o
                0x0000000008004804                AW20216_init
 *fill*         0x0000000008004872        0x2 
 .text.AW20216_set_color
                0x0000000008004874       0x3c .build/obj_gmmk_pro_iso_iso-mac/aw20216.o
                0x0000000008004874                AW20216_set_color
 .text.AW20216_set_color_all
                0x00000000080048b0       0x1e .build/obj_gmmk_pro_iso_iso-mac/aw20216.o
                0x00000000080048b0                AW20216_set_color_all
 *fill*         0x00000000080048ce        0x2 
 .text.AW20216_update_pwm_buffers
                0x00000000080048d0       0x2c .build/obj_gmmk_pro_iso_iso-mac/aw20216.o
                0x00000000080048d0                AW20216_update_pwm_buffers
 .text.handleKeycodeRGB
                0x00000000080048fc        0x6 .build/obj_gmmk_pro_iso_iso-mac/quantum/process_keycode/process_rgb.o
 *fill*         0x0000000008004902        0x2 
 .text.process_rgb
                0x0000000008004904       0xd8 .build/obj_gmmk_pro_iso_iso-mac/quantum/process_keycode/process_rgb.o
                0x0000000008004904                process_rgb
 .text.process_magic
                0x00000000080049dc      0x200 .build/obj_gmmk_pro_iso_iso-mac/quantum/process_keycode/process_magic.o
                0x00000000080049dc                process_magic
 .text.encoder_wait_pullup_charge
                0x0000000008004bdc        0x6 .build/obj_gmmk_pro_iso_iso-mac/quantum/encoder.o
                0x0000000008004bdc                encoder_wait_pullup_charge
 *fill*         0x0000000008004be2        0x2 
 .text.encoder_init
                0x0000000008004be4       0x40 .build/obj_gmmk_pro_iso_iso-mac/quantum/encoder.o
                0x0000000008004be4                encoder_init
 .text.encoder_read
                0x0000000008004c24       0x90 .build/obj_gmmk_pro_iso_iso-mac/quantum/encoder.o
                0x0000000008004c24                encoder_read
 .text.process_grave_esc
                0x0000000008004cb4       0x4c .build/obj_gmmk_pro_iso_iso-mac/quantum/process_keycode/process_grave_esc.o
                0x0000000008004cb4                process_grave_esc
 .text.perform_space_cadet
                0x0000000008004d00       0xb8 .build/obj_gmmk_pro_iso_iso-mac/quantum/process_keycode/process_space_cadet.o
                0x0000000008004d00                perform_space_cadet
 .text.process_space_cadet
                0x0000000008004db8       0xb4 .build/obj_gmmk_pro_iso_iso-mac/quantum/process_keycode/process_space_cadet.o
                0x0000000008004db8                process_space_cadet
 .text.spi_init
                0x0000000008004e6c       0x74 .build/obj_gmmk_pro_iso_iso-mac/spi_master.a(spi_master.o)
                0x0000000008004e6c                spi_init
 .text.spi_start
                0x0000000008004ee0       0xe8 .build/obj_gmmk_pro_iso_iso-mac/spi_master.a(spi_master.o)
                0x0000000008004ee0                spi_start
 .text.spi_transmit
                0x0000000008004fc8       0x14 .build/obj_gmmk_pro_iso_iso-mac/spi_master.a(spi_master.o)
                0x0000000008004fc8                spi_transmit
 .text.spi_stop
                0x0000000008004fdc       0x28 .build/obj_gmmk_pro_iso_iso-mac/spi_master.a(spi_master.o)
                0x0000000008004fdc                spi_stop
 .text.host_set_driver
                0x0000000008005004        0xc .build/obj_gmmk_pro_iso_iso-mac/protocol/host.o
                0x0000000008005004                host_set_driver
 .text.host_keyboard_leds
                0x0000000008005010       0x10 .build/obj_gmmk_pro_iso_iso-mac/protocol/host.o
                0x0000000008005010                host_keyboard_leds
 .text.host_keyboard_send
                0x0000000008005020       0x30 .build/obj_gmmk_pro_iso_iso-mac/protocol/host.o
                0x0000000008005020                host_keyboard_send
 .text.host_mouse_send
                0x0000000008005050       0x14 .build/obj_gmmk_pro_iso_iso-mac/protocol/host.o
                0x0000000008005050                host_mouse_send
 .text.host_system_send
                0x0000000008005064       0x20 .build/obj_gmmk_pro_iso_iso-mac/protocol/host.o
                0x0000000008005064                host_system_send
 .text.host_consumer_send
                0x0000000008005084       0x20 .build/obj_gmmk_pro_iso_iso-mac/protocol/host.o
                0x0000000008005084                host_consumer_send
 .text.has_anykey
                0x00000000080050a4       0x3c .build/obj_gmmk_pro_iso_iso-mac/protocol/report.o
                0x00000000080050a4                has_anykey
 .text.is_key_pressed
                0x00000000080050e0       0x54 .build/obj_gmmk_pro_iso_iso-mac/protocol/report.o
                0x00000000080050e0                is_key_pressed
 .text.add_key_byte
                0x0000000008005134       0x32 .build/obj_gmmk_pro_iso_iso-mac/protocol/report.o
                0x0000000008005134                add_key_byte
 .text.del_key_byte
                0x0000000008005166       0x1a .build/obj_gmmk_pro_iso_iso-mac/protocol/report.o
                0x0000000008005166                del_key_byte
 .text.add_key_bit
                0x0000000008005180       0x1c .build/obj_gmmk_pro_iso_iso-mac/protocol/report.o
                0x0000000008005180                add_key_bit
 .text.del_key_bit
                0x000000000800519c       0x1c .build/obj_gmmk_pro_iso_iso-mac/protocol/report.o
                0x000000000800519c                del_key_bit
 .text.add_key_to_report
                0x00000000080051b8       0x34 .build/obj_gmmk_pro_iso_iso-mac/protocol/report.o
                0x00000000080051b8                add_key_to_report
 .text.del_key_from_report
                0x00000000080051ec       0x34 .build/obj_gmmk_pro_iso_iso-mac/protocol/report.o
                0x00000000080051ec                del_key_from_report
 .text.clear_keys_from_report
                0x0000000008005220       0x28 .build/obj_gmmk_pro_iso_iso-mac/protocol/report.o
                0x0000000008005220                clear_keys_from_report
 .text.notify_usb_device_state_change_user
                0x0000000008005248        0x2 .build/obj_gmmk_pro_iso_iso-mac/protocol/usb_device_state.o
                0x0000000008005248                notify_usb_device_state_change_user
 .text.notify_usb_device_state_change_kb
                0x000000000800524a        0x8 .build/obj_gmmk_pro_iso_iso-mac/protocol/usb_device_state.o
                0x000000000800524a                notify_usb_device_state_change_kb
 *fill*         0x0000000008005252        0x2 
 .text.usb_device_state_set_configuration
                0x0000000008005254       0x18 .build/obj_gmmk_pro_iso_iso-mac/protocol/usb_device_state.o
                0x0000000008005254                usb_device_state_set_configuration
 .text.usb_device_state_set_suspend
                0x000000000800526c       0x14 .build/obj_gmmk_pro_iso_iso-mac/protocol/usb_device_state.o
                0x000000000800526c                usb_device_state_set_suspend
 .text.usb_device_state_set_resume
                0x0000000008005280        0x4 .build/obj_gmmk_pro_iso_iso-mac/protocol/usb_device_state.o
                0x0000000008005280                usb_device_state_set_resume
 .text.usb_device_state_set_reset
                0x0000000008005284       0x14 .build/obj_gmmk_pro_iso_iso-mac/protocol/usb_device_state.o
                0x0000000008005284                usb_device_state_set_reset
 .text.usb_device_state_init
                0x0000000008005298        0x4 .build/obj_gmmk_pro_iso_iso-mac/protocol/usb_device_state.o
                0x0000000008005298                usb_device_state_init
 .text.matrix_power_up
                0x000000000800529c        0x2 .build/obj_gmmk_pro_iso_iso-mac/platforms/suspend.o
                0x000000000800529c                matrix_power_up
 .text.matrix_power_down
                0x000000000800529e        0x2 .build/obj_gmmk_pro_iso_iso-mac/platforms/suspend.o
                0x000000000800529e                matrix_power_down
 .text.suspend_power_down_user
                0x00000000080052a0        0x2 .build/obj_gmmk_pro_iso_iso-mac/platforms/suspend.o
                0x00000000080052a0                suspend_power_down_user
 .text.suspend_power_down_kb
                0x00000000080052a2        0x8 .build/obj_gmmk_pro_iso_iso-mac/platforms/suspend.o
                0x00000000080052a2                suspend_power_down_kb
 .text.suspend_wakeup_init_user
                0x00000000080052aa        0x2 .build/obj_gmmk_pro_iso_iso-mac/platforms/suspend.o
                0x00000000080052aa                suspend_wakeup_init_user
 .text.suspend_wakeup_init_kb
                0x00000000080052ac        0x8 .build/obj_gmmk_pro_iso_iso-mac/platforms/suspend.o
                0x00000000080052ac                suspend_wakeup_init_kb
 .text.suspend_wakeup_condition
                0x00000000080052b4       0x24 .build/obj_gmmk_pro_iso_iso-mac/platforms/suspend.o
                0x00000000080052b4                suspend_wakeup_condition
 .text.platform_setup
                0x00000000080052d8        0xe .build/obj_gmmk_pro_iso_iso-mac/platforms/chibios/platform.o
                0x00000000080052d8                platform_setup
 .text.suspend_power_down
                0x00000000080052e6       0x12 .build/obj_gmmk_pro_iso_iso-mac/platforms/chibios/suspend.o
                0x00000000080052e6                suspend_power_down
 .text.suspend_wakeup_init
                0x00000000080052f8       0x26 .build/obj_gmmk_pro_iso_iso-mac/platforms/chibios/suspend.o
                0x00000000080052f8                suspend_wakeup_init
 *fill*         0x000000000800531e        0x2 
 .text.timer_clear
                0x0000000008005320       0x2c .build/obj_gmmk_pro_iso_iso-mac/platforms/chibios/timer.o
                0x0000000008005320                timer_clear
 .text.timer_init
                0x000000000800534c        0x4 .build/obj_gmmk_pro_iso_iso-mac/platforms/chibios/timer.o
                0x000000000800534c                timer_init
 .text.timer_read32
                0x0000000008005350       0x6c .build/obj_gmmk_pro_iso_iso-mac/platforms/chibios/timer.o
                0x0000000008005350                timer_read32
 .text.timer_read
                0x00000000080053bc        0xa .build/obj_gmmk_pro_iso_iso-mac/platforms/chibios/timer.o
                0x00000000080053bc                timer_read
 .text.timer_elapsed
                0x00000000080053c6        0xe .build/obj_gmmk_pro_iso_iso-mac/platforms/chibios/timer.o
                0x00000000080053c6                timer_elapsed
 .text.timer_elapsed32
                0x00000000080053d4        0xc .build/obj_gmmk_pro_iso_iso-mac/platforms/chibios/timer.o
                0x00000000080053d4                timer_elapsed32
 .text.bootloader_jump
                0x00000000080053e0       0x30 .build/obj_gmmk_pro_iso_iso-mac/platforms/chibios/bootloaders/stm32_dfu.o
                0x00000000080053e0                bootloader_jump
 .text.enter_bootloader_mode_if_requested
                0x0000000008005410       0x3c .build/obj_gmmk_pro_iso_iso-mac/platforms/chibios/bootloaders/stm32_dfu.o
                0x0000000008005410                enter_bootloader_mode_if_requested
 .text.usb_sof_cb
                0x000000000800544c        0xe .build/obj_gmmk_pro_iso_iso-mac/protocol/chibios/usb_main.o
 .text.kbd_in_cb
                0x000000000800545a        0x2 .build/obj_gmmk_pro_iso_iso-mac/protocol/chibios/usb_main.o
                0x000000000800545a                kbd_in_cb
 .text.usb_get_descriptor_cb
                0x000000000800545c       0x2c .build/obj_gmmk_pro_iso_iso-mac/protocol/chibios/usb_main.o
 .text.set_led_transfer_cb
                0x0000000008005488       0x2c .build/obj_gmmk_pro_iso_iso-mac/protocol/chibios/usb_main.o
 .text.send_extra
                0x00000000080054b4       0x54 .build/obj_gmmk_pro_iso_iso-mac/protocol/chibios/usb_main.o
 .text.chVTSetI.constprop.0
                0x0000000008005508       0x2c .build/obj_gmmk_pro_iso_iso-mac/protocol/chibios/usb_main.o
 .text.keyboard_idle_timer_cb
                0x0000000008005534       0x78 .build/obj_gmmk_pro_iso_iso-mac/protocol/chibios/usb_main.o
 .text.usb_request_hook_cb
                0x00000000080055ac      0x148 .build/obj_gmmk_pro_iso_iso-mac/protocol/chibios/usb_main.o
 .text.usb_event_queue_enqueue.isra.0
                0x00000000080056f4       0x28 .build/obj_gmmk_pro_iso_iso-mac/protocol/chibios/usb_main.o
 .text.usb_event_cb
                0x000000000800571c       0x64 .build/obj_gmmk_pro_iso_iso-mac/protocol/chibios/usb_main.o
 .text.shared_in_cb
                0x0000000008005780        0x2 .build/obj_gmmk_pro_iso_iso-mac/protocol/chibios/usb_main.o
                0x0000000008005780                shared_in_cb
 *fill*         0x0000000008005782        0x2 
 .text.usb_event_queue_init
                0x0000000008005784       0x24 .build/obj_gmmk_pro_iso_iso-mac/protocol/chibios/usb_main.o
                0x0000000008005784                usb_event_queue_init
 .text.usb_event_queue_task
                0x00000000080057a8       0xb8 .build/obj_gmmk_pro_iso_iso-mac/protocol/chibios/usb_main.o
                0x00000000080057a8                usb_event_queue_task
 .text.init_usb_driver
                0x0000000008005860       0x48 .build/obj_gmmk_pro_iso_iso-mac/protocol/chibios/usb_main.o
                0x0000000008005860                init_usb_driver
 .text.restart_usb_driver
                0x00000000080058a8       0x3c .build/obj_gmmk_pro_iso_iso-mac/protocol/chibios/usb_main.o
                0x00000000080058a8                restart_usb_driver
 .text.keyboard_leds
                0x00000000080058e4        0xc .build/obj_gmmk_pro_iso_iso-mac/protocol/chibios/usb_main.o
                0x00000000080058e4                keyboard_leds
 .text.send_keyboard
                0x00000000080058f0       0x90 .build/obj_gmmk_pro_iso_iso-mac/protocol/chibios/usb_main.o
                0x00000000080058f0                send_keyboard
 .text.send_mouse
                0x0000000008005980       0x4c .build/obj_gmmk_pro_iso_iso-mac/protocol/chibios/usb_main.o
                0x0000000008005980                send_mouse
 .text.send_system
                0x00000000080059cc        0x8 .build/obj_gmmk_pro_iso_iso-mac/protocol/chibios/usb_main.o
                0x00000000080059cc                send_system
 .text.send_consumer
                0x00000000080059d4        0x8 .build/obj_gmmk_pro_iso_iso-mac/protocol/chibios/usb_main.o
                0x00000000080059d4                send_consumer
 .text.send_programmable_button
                0x00000000080059dc        0x2 .build/obj_gmmk_pro_iso_iso-mac/protocol/chibios/usb_main.o
                0x00000000080059dc                send_programmable_button
 .text.early_hardware_init_pre
                0x00000000080059de        0x4 .build/obj_gmmk_pro_iso_iso-mac/protocol/chibios/chibios.o
                0x00000000080059de                early_hardware_init_pre
 .text.early_hardware_init_post